ESP-ROM:esp32s3-20210327
Build:Mar 27 2021
rst:0x15 (USB_UART_CHIP_RESET),boot:0x8 (SPI_FAST_FLASH_BOOT)
Saved PC:0x403788de
SPIWP:0xee
mode:DIO, clock div:1
load:0x3fce3810,len:0x1870
load:0x403c9700,len:0x4
load:0x403c9704,len:0xcec
load:0x403cc700,len:0x2eb0
entry 0x403c9918
[0;32mI (26) boot: ESP-IDF v5.2.3-dirty 2nd stage bootloader[0m
[0;32mI (27) boot: compile time Oct  8 2024 20:50:24[0m
[0;32mI (27) boot: Multicore bootloader[0m
[0;32mI (30) boot: chip revision: v0.2[0m
[0;32mI (34) boot: efuse block revision: v1.3[0m
[0;32mI (39) boot.esp32s3: Boot SPI Speed : 80MHz[0m
[0;32mI (43) boot.esp32s3: SPI Mode       : DIO[0m
[0;32mI (48) boot.esp32s3: SPI Flash Size : 4MB[0m
[0;32mI (53) boot: Enabling RNG early entropy source...[0m
[0;32mI (58) boot: Partition Table:[0m
[0;32mI (62) boot: ## Label            Usage          Type ST Offset   Length[0m
[0;32mI (69) boot:  0 nvs              WiFi data        01 02 00009000 00006000[0m
[0;32mI (77) boot:  1 phy_init         RF data          01 01 0000f000 00001000[0m
[0;32mI (84) boot:  2 factory          factory app      00 00 00010000 00100000[0m
[0;32mI (92) boot: End of partition table[0m
[0;32mI (96) esp_image: segment 0: paddr=00010020 vaddr=3c020020 size=0b510h ( 46352) map[0m
[0;32mI (112) esp_image: segment 1: paddr=0001b538 vaddr=3fc93100 size=02910h ( 10512) load[0m
[0;32mI (115) esp_image: segment 2: paddr=0001de50 vaddr=40374000 size=021c8h (  8648) load[0m
[0;32mI (123) esp_image: segment 3: paddr=00020020 vaddr=42000020 size=1ad04h (109828) map[0m
[0;32mI (149) esp_image: segment 4: paddr=0003ad2c vaddr=403761c8 size=0ce98h ( 52888) load[0m
[0;32mI (167) boot: Loaded app from partition at offset 0x10000[0m
[0;32mI (167) boot: Disabling RNG early entropy source...[0m
[0;32mI (178) cpu_start: Multicore app[0m
[0;32mI (188) cpu_start: Pro cpu start user code[0m
[0;32mI (188) cpu_start: cpu freq: 160000000 Hz[0m
[0;32mI (189) cpu_start: Application information:[0m
[0;32mI (191) cpu_start: Project name:     oximetro-hr[0m
[0;32mI (197) cpu_start: App version:      6e64a6d-dirty[0m
[0;32mI (202) cpu_start: Compile time:     Oct  8 2024 20:49:22[0m
[0;32mI (208) cpu_start: ELF file SHA256:  4ee00dc0f...[0m
[0;32mI (214) cpu_start: ESP-IDF:          v5.2.3-dirty[0m
[0;32mI (219) cpu_start: Min chip rev:     v0.0[0m
[0;32mI (224) cpu_start: Max chip rev:     v0.99 [0m
[0;32mI (229) cpu_start: Chip rev:         v0.2[0m
[0;32mI (233) heap_init: Initializing. RAM available for dynamic allocation:[0m
[0;32mI (241) heap_init: At 3FC96F00 len 00052810 (330 KiB): RAM[0m
[0;32mI (247) heap_init: At 3FCE9710 len 00005724 (21 KiB): RAM[0m
[0;32mI (253) heap_init: At 3FCF0000 len 00008000 (32 KiB): DRAM[0m
[0;32mI (259) heap_init: At 600FE010 len 00001FD8 (7 KiB): RTCRAM[0m
[0;32mI (266) spi_flash: detected chip: gd[0m
[0;32mI (269) spi_flash: flash io: dio[0m
[0;33mW (273) spi_flash: Detected size(8192k) larger than the size in the binary image header(4096k). Using the size in the binary image header.[0m
[0;33mW (286) i2c: This driver is an old driver, please migrate your application code to adapt `driver/i2c_master.h`[0m
[0;32mI (297) sleep: Configure to isolate all GPIO pins in sleep state[0m
[0;32mI (304) sleep: Enable automatic switching of GPIO sleep configuration[0m
[0;32mI (311) main_task: Started on CPU0[0m
[0;32mI (321) main_task: Calling app_main()[0m
[0;32mI (321) main_task: Returned from app_main()[0m
R0 42.953125

HEART_RATE 333
correla√ß√£o -0.021103
Temperature 32.599998

-4 11 1.000000
1 2 0.598399
-1 -9 0.513641
2 0 0.493452
-4 0 0.356311
-3 2 0.265369
-3 0 0.117134
0 5 0.067661
-7 0 -0.027101
-5 -2 -0.064387
5 9 -0.148963
3 0 -0.135504
4 -3 -0.136595
3 6 -0.096762
1 -1 -0.024918
6 -3 -0.086395
-8 11 -0.030375
-3 -10 -0.043834
0 0 -0.000728
-5 -1 -0.030738
3 0 -0.011095
2 -11 0.019280
-6 -10 0.018007
-4 4 -0.030193
-6 -6 -0.087668
-4 1 -0.081666
-13 2 -0.115497
2 6 -0.083121
5 -3 -0.096944
-5 -4 -0.179338
-11 -2 -0.136959
1 -7 -0.113678
3 0 -0.071117
1 2 -0.088214
3 3 -0.058021
0 -4 -0.021462
3 9 0.042743
0 9 0.082939
1 17 0.045653
-1 8 0.095853
2 7 0.063114
0 8 0.092579
3 3 0.072208
4 0 0.056748
-7 -17 0.062932
1 -10 0.052928
-4 -12 0.063660
4 -12 0.010549
0 -11 0.056748
3 -2 0.065842
6 4 0.101310
10 -2 0.001273
16 -8 0.077119
14 4 0.116224
19 1 0.034194
19 0 0.148054
22 -7 0.043288
8 6 0.071117
7 1 0.143325
16 -7 0.083121
4 0 0.052746
-5 0 -0.002546
-12 2 -0.029465
-8 7 -0.070571
-10 -1 -0.108767
-5 3 -0.184794
-13 13 -0.172608
-6 2 -0.170607
-2 8 -0.208985
-6 4 -0.185886
7 3 -0.203710
0 2 -0.186613
-3 7 -0.151510
8 5 -0.133867
-1 -6 -0.114041
0 6 -0.066388
-4 0 -0.054565
0 -1 -0.064569
1 2 -0.062204
3 4 -0.036013
8 -3 -0.008730
3 1 -0.029829
6 -2 -0.027828
0 1 -0.021462
1 -2 -0.078392
1 0 -0.066388
8 -4 -0.034922
4 7 -0.014551
0 6 -0.037104
3 0 0.001455
6 6 -0.003820
5 -5 0.011095
6 2 0.011459
9 6 -0.015642
5 -1 0.046744
4 0 0.069116
3 -6 0.032921
4 -1 0.029829
0 4 0.040924
-1 13 0.032921
5 -3 0.024009
3 -1 0.034012
9 -9 0.035467
3 7 0.019462
7 10 -0.001273
0 1 0.022917
3 1 -0.025464
7 6 -0.012732
4 0 0.030920
5 1 -0.020371
3 0 -0.002910
0 5 0.001819
-3 9 -0.007093
-2 -3 0.012732
4 0 -0.022190
-1 -1 0.008912
-3 -3 0.034194
-4 -6 0.018370
-5 0 0.027828
-6 -2 0.029283
-5 0 0.024736
-13 -8 0.015642
-5 -7 0.014551
3 -5 0.000909
-19 -7 0.009822
-8 4 0.000000
-6 7 0.000000
-10 -1 0.000000
R0 157605154.257812

HEART_RATE 62
correla√ß√£o 0.994271
Temperature 32.299999
red_rms nan
ir_rms nan
Z nan
SPO2 nan

501169 357899 1.000000
477946 341082 -1.243072
454746 324256 0.371732
431537 307431 -0.483607
408320 290606 -1.283115
385111 273788 -0.055958
361901 256959 0.256013
338691 240138 -0.214302
315471 223311 0.186078
292270 206492 0.273026
269052 189674 0.979602
245845 172849 0.537048
222645 156019 -1.340164
199428 139194 -0.756453
176222 122377 0.626896
153015 105560 0.320660
129807 88732 0.307220
106597 71907 0.648531
83383 55082 -0.094101
60165 38268 -0.611837
36967 21438 -0.460303
13758 4626 0.592257
-9455 -12192 0.440390
-32670 -29021 0.817999
-55872 -45844 0.910562
-79086 -62664 -0.742521
-102297 -79488 -0.080987
-125508 -96307 -0.266781
-148719 -113136 0.430673
-171924 -129965 -0.099701
-195139 -146784 -0.982992
-218340 -163601 -0.266681
-241546 -180430 -0.031348
-264767 -197251 0.173637
-287966 -214076 -0.295049
-311176 -230899 -0.148263
-334395 -247719 0.232582
-357598 -264552 -0.389585
-380812 -281371 -0.498197
-404024 -298207 0.776853
-427225 -315032 -0.786349
-450435 -331843 0.581678
-473644 -348674 0.206463
-496860 -365494 0.238547
-520058 -382302 0.285470
-543276 -399110 -0.674679
-566465 -415905 -0.044213
-589611 -432659 -0.139576
-612729 -449391 0.546106
-635886 -466106 -0.518351
-658962 -482752 0.543839
-681305 -498764 0.146601
-703315 -514433 -0.022599
-725062 -529854 0.471392
-745240 -543690 0.798324
-767828 -559909 0.525555
-791358 -577150 0.171476
-813830 -593228 0.208535
-838120 -610970 0.411950
-859170 -625956 0.001303
-872488 -632016 0.394109
-896424 -649441 -0.130466
-921432 -668194 0.531044
-945323 -685494 -0.261282
-670837 -133829 -0.367670
415344 425220 0.673774
680743 680038 0.262197
927065 666849 -0.650413
906344 651165 -0.194504
883780 634522 -0.058797
860779 617673 -0.208333
837692 600806 -0.316852
814320 583760 0.027313
791019 566815 -0.181633
767939 550047 -0.302442
744666 533180 0.478433
721149 516238 0.098102
697862 499429 0.297607
674500 482492 0.040223
651435 465783 -0.202731
628447 449196 0.441320
605170 432349 -0.346012
581744 415383 -0.188275
558339 398478 0.094548
534982 381668 -0.109164
511655 364786 0.503205
488429 347976 -0.170848
465199 331194 0.234647
441828 314299 0.256226
418471 297404 0.136964
395234 280573 -0.096357
371897 263696 0.218773
348620 246845 -0.165984
325423 230060 -0.160452
302150 213212 0.046963
278946 196368 -0.579851
255442 179219 0.113627
231826 162092 0.032522
208696 145354 0.058269
185873 128822 -0.007167
162640 111993 -0.145390
139251 95034 0.106459
115966 78169 -0.072442
92795 61374 -0.019181
69400 44445 0.077243
46098 27645 -0.176781
22995 10925 -0.117741
-7 -5697 0.063055
-22986 -22246 -0.036337
-46204 -38998 0.035489
-69685 -55942 -0.114153
-93099 -72890 -0.025995
-116343 -89691 0.325142
-139606 -106550 0.110122
-163217 -123644 -0.005138
-186925 -140793 0.015143
-210232 -157671 0.200914
-233305 -174364 -0.282983
-256552 -191190 -0.138246
-280006 -208202 0.240653
-303467 -225227 0.033831
-326841 -242213 0.120511
-350137 -259107 0.099391
-373487 -276101 -0.004666
-396796 -293106 0.049426
-420071 -310136 0.000000
-443048 -327003 0.000000
-465903 -343700 0.000000
R0 107642.890625

HEART_RATE 333
correla√ß√£o 0.982757
Temperature 32.900002
red_rms 242.190008
ir_rms 328.088403
Z 1.018238
SPO2 50.606413

-1233 -1081 1.000000
-1056 -922 0.924895
-895 -768 0.846265
-794 -663 0.768714
-774 -623 0.689351
-673 -557 0.602296
-539 -416 0.515624
-333 -239 0.431639
-144 -58 0.356917
70 105 0.291226
245 212 0.238664
367 297 0.199285
366 305 0.170684
314 271 0.142395
271 253 0.109372
322 266 0.071771
366 296 0.038890
393 301 0.008820
455 321 -0.020595
493 357 -0.044956
476 345 -0.065975
393 297 -0.088524
350 275 -0.118649
362 262 -0.155741
423 315 -0.193735
478 354 -0.227003
444 335 -0.252842
411 323 -0.278389
426 320 -0.302984
455 326 -0.323134
500 325 -0.338451
530 336 -0.345949
535 317 -0.347143
495 283 -0.344060
419 271 -0.339812
412 252 -0.336816
420 253 -0.328254
349 220 -0.312217
332 200 -0.296638
315 194 -0.277310
263 171 -0.255410
267 172 -0.236181
234 149 -0.214246
143 113 -0.192493
87 69 -0.175893
-49 7 -0.162097
-135 -44 -0.160622
-101 -60 -0.166900
-90 -46 -0.169103
-119 -67 -0.169409
-138 -72 -0.171314
-116 -78 -0.174073
-117 -71 -0.173341
-131 -81 -0.170316
-109 -79 -0.166090
-122 -80 -0.157045
-148 -89 -0.146000
-193 -117 -0.135023
-168 -108 -0.126651
-216 -122 -0.114067
-216 -131 -0.104406
-234 -130 -0.093995
-283 -167 -0.084083
-290 -158 -0.079787
-278 -158 -0.076805
-270 -151 -0.073516
-284 -148 -0.070586
-263 -148 -0.071530
-272 -140 -0.071551
-248 -119 -0.072476
-218 -102 -0.072204
-209 -116 -0.067606
-195 -99 -0.062601
-156 -94 -0.056128
-131 -79 -0.045012
-110 -72 -0.029704
-109 -76 -0.011615
-113 -68 0.007919
-135 -81 0.029850
-135 -92 0.051316
-164 -106 0.073623
-164 -112 0.094761
-175 -93 0.118340
-198 -99 0.139169
-214 -110 0.153802
-201 -112 0.165130
-195 -114 0.175013
-208 -128 0.184746
-232 -130 0.192874
-230 -123 0.196226
-214 -127 0.198236
-206 -116 0.200055
-197 -115 0.198848
-195 -101 0.196926
-180 -89 0.193560
-172 -99 0.187839
-177 -86 0.179828
-171 -85 0.169165
-148 -85 0.157649
-142 -63 0.147513
-116 -51 0.137330
-91 -50 0.128544
-67 -35 0.119936
-43 -31 0.110690
-59 -34 0.103167
-22 -13 0.093171
-18 -14 0.084551
14 -7 0.072938
5 -3 0.059896
2 -10 0.043293
1 -5 0.025024
20 1 0.005618
58 29 -0.014429
93 35 -0.032630
104 53 -0.048492
137 64 -0.066643
163 79 -0.085347
181 70 -0.103869
201 107 -0.119529
220 102 -0.130416
250 123 -0.135372
260 133 -0.133947
292 140 -0.127209
316 144 -0.114525
321 159 -0.097049
311 150 0.000000
338 163 0.000000
391 193 0.000000
R0 452.109375

HEART_RATE 333
correla√ß√£o 0.708055
Temperature 33.400002
red_rms 18.165902
ir_rms 21.260292
Z 1.178475
SPO2 58.570206

25 22 1.000000
29 33 0.815829
9 19 0.685796
-17 -1 0.582081
-2 15 0.483688
0 25 0.413841
-10 5 0.374304
10 26 0.331139
6 18 0.289027
16 22 0.232729
19 20 0.153361
18 30 0.034802
13 9 -0.002056
23 21 -0.072767
27 24 -0.157543
12 32 -0.207897
17 22 -0.251374
20 12 -0.286919
13 8 -0.308640
16 13 -0.316935
37 24 -0.327907
21 13 -0.291671
34 27 -0.244514
27 18 -0.282305
8 13 -0.323639
-19 12 -0.345533
0 0 -0.343183
-4 -8 -0.310679
7 3 -0.261949
24 21 -0.184655
23 15 -0.152601
35 18 -0.136029
23 16 -0.116001
-11 1 -0.107189
-4 -1 -0.068567
-17 -2 -0.037913
-15 -6 -0.024987
-24 -12 -0.008381
-22 -20 -0.024348
-19 -16 -0.005080
-39 -14 0.023432
-36 -18 0.078711
-38 -18 0.112044
-43 -29 0.150596
-46 -20 0.175981
-28 -23 0.195784
-30 -32 0.176067
-62 -28 0.143356
-48 -29 0.125091
-53 -38 0.122551
-32 -28 0.111388
-26 -29 0.140401
-26 -10 0.117246
-6 -14 0.103836
-10 -24 0.094211
4 -14 0.087731
1 -6 0.064126
7 -16 0.055417
26 -4 0.049870
23 -3 0.021963
24 -4 -0.023985
29 3 -0.037066
28 -14 -0.061379
42 -7 -0.038206
18 -11 -0.033264
15 -8 -0.060947
13 -12 -0.057214
23 -11 -0.080266
23 -12 -0.128771
-4 -22 -0.161241
-26 -28 -0.187437
0 -11 -0.203508
-18 -10 -0.207258
-2 -3 -0.193278
9 -11 -0.194315
13 -6 -0.207413
-15 -20 -0.188941
-8 -9 -0.183221
-20 -15 -0.155556
-17 -25 -0.148263
-11 -19 -0.169708
-16 -18 -0.181147
-33 -28 -0.191775
-13 -23 -0.186833
-18 -8 -0.158165
-5 -15 -0.092656
1 -3 -0.042682
0 -17 0.000950
-7 -15 0.026439
-4 -18 0.019250
1 -4 0.013358
-14 -9 0.012908
-20 -23 0.012563
-19 -15 0.030102
-25 -7 0.052635
-16 -9 0.084068
-5 -4 0.086815
-9 -3 0.073613
-4 2 0.058994
-12 -2 0.050164
0 -4 0.065526
-2 5 0.055106
-7 -3 0.054087
-8 0 0.067652
0 9 0.081389
1 14 0.066943
1 16 0.073008
6 16 0.086159
23 19 0.094695
39 27 0.101555
30 21 0.081389
11 12 0.046725
-18 12 0.038483
-7 26 0.044565
0 28 0.033143
-2 11 0.031104
4 20 0.032884
17 20 0.033955
15 14 0.019924
16 17 0.014533
13 24 0.006532
11 28 0.002851
19 31 0.017522
19 20 0.016416
32 26 0.018023
14 28 0.000000
31 28 0.000000
26 35 0.000000
R0 -76446938.898438

HEART_RATE 20
correla√ß√£o 0.987501
Temperature 33.500000
red_rms 1371.713527
ir_rms nan
Z nan
SPO2 nan

-466741 -326833 1.000000
-454513 -318334 -0.403305
-442293 -309806 1.338729
-430080 -301309 -1.775592
-417867 -292801 0.289874
-405672 -284285 -0.057699
-393456 -275778 0.821177
-381213 -267266 0.624367
-368983 -258747 -0.797063
-356759 -250232 -0.508261
-344531 -241722 -3.372946
-332321 -233214 -0.298159
-320093 -224696 0.383913
-307871 -216179 0.266023
-295650 -207685 -3.406170
-283425 -199167 -1.157999
-271194 -190636 0.735839
-258973 -182152 0.017304
-246759 -173618 -2.271878
-234534 -165126 -1.441212
-222301 -156604 0.930012
-210067 -148095 -0.611358
-197837 -139569 1.289653
-185614 -131062 -0.300858
-173379 -122533 -0.488843
-161195 -114044 0.694215
-148978 -105536 -1.148617
-136747 -97023 2.745807
-124515 -88509 -1.676131
-112294 -79994 1.370571
-100072 -71479 -1.293161
-87855 -62966 2.170696
-75622 -54458 -0.986140
-63396 -45942 0.195048
-51178 -37439 0.885880
-38955 -28919 0.623555
-26729 -20417 0.692330
-14514 -11902 -2.421594
-2294 -3382 -0.397077
9933 5122 -0.275586
22171 13638 -1.186995
34386 22154 0.362551
46609 30662 -0.467268
58827 39176 -1.498414
71048 47700 -2.745961
83249 56192 -0.275933
95450 64695 1.070016
107670 73224 -0.042021
119909 81735 1.638377
132134 90233 -0.489823
144378 98745 -1.609589
156591 107259 -0.861329
168820 115765 1.303004
181050 124275 1.357892
193270 132783 1.043714
205495 141301 2.086448
217715 149818 0.532105
229943 158330 0.769888
242152 166839 0.573113
254386 175370 1.246470
266620 183881 -0.737710
278857 192387 1.626901
291073 200912 0.427869
303298 209404 1.354579
315521 217930 -1.313905
327730 226430 0.309399
339918 234931 -0.374802
352141 243437 -0.747719
364355 251966 0.051089
376597 260488 2.446014
388821 268981 -1.040631
401038 277509 -0.329787
413400 286108 1.053386
425614 294624 3.086133
437696 303044 -1.261605
449934 311557 -0.149060
462173 320071 0.695111
474389 328586 1.695858
486608 337095 0.642474
498836 345603 0.595047
511051 354121 -0.220456
523274 362623 -1.378833
535501 371141 -0.262636
547721 379655 -0.835506
559932 388163 -0.921918
572150 396678 0.782966
584353 405165 0.312017
596559 413676 -0.594850
608786 422199 -1.075799
621023 430715 -0.705498
633242 439225 0.061743
645472 447740 -0.983914
657698 456248 -0.348107
669912 464760 -1.116937
682136 473264 1.084047
694346 481783 0.971465
706579 490280 0.725645
718790 498798 1.210579
731022 507312 -0.663490
743233 515817 0.354944
755417 524316 -0.138258
767598 532827 0.036574
779699 541274 -0.011079
791787 549700 -0.730064
803807 558155 0.055881
815989 566652 -0.293145
832110 576690 -0.046177
-240945 299557 -0.728975
-537497 17131 0.475187
-808704 -519761 0.256503
-1068494 -522855 -0.061373
-1063278 -785611 0.617408
-1055093 -782573 0.180740
-1046368 -778510 0.233383
-1036740 -773399 0.738139
-1025915 -766556 -0.116151
-1016563 -761551 0.233529
-1007094 -756292 0.090597
-998157 -751319 0.313864
-988701 -745900 -0.397598
-977293 -738295 -0.325023
-965421 -730239 -0.014155
-953233 -721791 0.499205
-941013 -713297 -0.134468
-928803 -704787 -0.178146
-916595 -696292 0.000000
-904400 -687796 0.000000
-892174 -679293 0.000000
R0 -93263835.062500

HEART_RATE 71
correla√ß√£o 0.989147
Temperature 33.599998
red_rms nan
ir_rms 2720.194846
Z nan
SPO2 nan

630751 464073 1.000000
611940 450025 0.698747
593124 435966 -2.021069
574348 421924 0.297416
555555 407877 0.911677
536795 393844 -1.029484
518135 379815 -0.970793
499379 365772 1.720510
480541 351727 0.114866
461810 337693 0.024043
443232 323652 -1.330435
425122 309701 -0.915719
407053 295888 1.839143
391343 283629 0.243850
373686 270684 -0.091499
355733 257864 -0.086566
337809 245137 1.121060
320829 233556 -0.483983
302290 220524 -1.190736
282430 205515 0.310699
263564 191521 -0.093686
244971 177370 2.618584
224997 161039 -0.199816
200871 141975 0.004456
178898 127052 0.808680
160036 112995 0.110494
141440 98987 -0.519182
122365 84964 0.360816
103418 70879 -0.170211
84590 56841 -0.461641
65763 42800 -0.739618
46921 28764 -0.321676
28089 14707 -0.659029
9254 659 0.381643
-9596 -13387 0.590805
-28428 -27424 0.271485
-47273 -41464 1.178753
-66100 -55509 0.028904
-84939 -69560 2.141049
-103784 -83603 1.375900
-122610 -97647 -1.218025
-141454 -111691 -1.521915
-160288 -125735 -1.080181
-179121 -139771 1.189759
-197950 -153812 -0.375507
-216782 -167842 -0.745717
-235614 -181885 -0.006171
-254451 -195937 -0.320591
-273299 -209990 -0.613993
-292142 -224026 -0.901888
-310977 -238074 -0.854537
-329811 -252117 -0.864833
-348654 -266165 0.478115
-367483 -280224 -0.086483
-386323 -294253 0.652688
-405156 -308305 -0.214221
-423994 -322352 -0.557363
-442826 -336389 0.312296
-461656 -350432 1.286013
-480477 -364469 -1.263510
-499317 -378518 0.547607
-518155 -392553 -0.505171
-536970 -406598 -0.132883
-555807 -420626 -0.175654
-574641 -434672 0.035015
-593473 -448714 0.507308
-612313 -462769 -1.308446
-631139 -476805 -0.705435
-649971 -490841 0.149052
-668805 -504898 -0.651533
-687640 -518934 0.782061
-706472 -532983 -0.576134
-725324 -547027 -0.540692
-744161 -561079 0.213277
-762987 -575120 -0.299199
-781819 -589150 0.048414
-800608 -603187 0.453547
-818976 -616910 0.848190
-837248 -630288 0.648843
-855835 -643964 -0.563162
-874434 -657752 -0.039378
-892222 -670793 0.339890
-908716 -682644 -0.188700
-924084 -693322 -1.211649
-942757 -706882 0.221046
-960258 -719496 0.299074
-971289 -725515 0.130659
-981176 -728803 0.398904
-995830 -736208 -0.967080
-1000607 -470319 -0.339746
80783 345033 -0.444924
622781 616510 -0.843552
609331 604454 0.676997
594285 591739 -0.069922
577776 578594 -0.312710
559656 565052 -0.871956
540977 551043 -1.504025
522502 537035 -0.829520
504096 523219 -0.665185
485547 509322 0.761216
728977 495287 0.894555
710275 481323 -0.428623
691524 467263 0.543237
672771 453194 -0.547965
654043 439145 -0.129271
635331 425077 0.024914
616513 410957 0.637079
597749 396892 0.154052
579190 383021 -0.037036
560426 368961 0.050392
541571 354864 0.392717
522596 340692 -0.147973
503755 326573 -0.554580
484948 312508 -0.111257
466058 298375 0.436498
447060 284186 0.331323
428197 270107 0.225936
409420 256093 -0.217154
390738 242117 0.058208
371898 228001 -0.042697
352944 213865 0.524394
334125 199798 -0.073366
315361 185797 -0.061032
296482 171724 0.533194
277589 157628 0.236301
258744 143535 0.000000
239924 129521 0.000000
221189 115514 0.000000
R0 13777.453125

HEART_RATE 333
correla√ß√£o 0.935166
Temperature 33.500000
red_rms 105.114224
ir_rms 117.375466
Z 1.237580
SPO2 61.507710

22 111 1.000000
35 119 0.961236
41 111 0.900879
67 116 0.834928
108 98 0.767890
115 111 0.701109
96 83 0.633721
97 70 0.567047
99 76 0.491225
89 21 0.412692
70 25 0.337806
45 10 0.268947
-36 -34 0.205207
-68 -26 0.154620
-45 -20 0.103225
-35 -13 0.053250
-45 6 0.010314
-7 -2 -0.022360
-3 -10 -0.040136
-4 -7 -0.047988
-30 -27 -0.056285
-4 -5 -0.080574
-2 -4 -0.125429
0 7 -0.177087
-9 -18 -0.222693
-27 -20 -0.263636
-10 -6 -0.295732
-28 -9 -0.319778
-34 -3 -0.341609
-39 -10 -0.365346
-56 -27 -0.393718
-41 -28 -0.419565
-107 -66 -0.443161
-127 -53 -0.454465
-125 -61 -0.455483
-126 -64 -0.456389
-100 -38 -0.458073
-72 -33 -0.452845
-46 -33 -0.437996
-32 -23 -0.415743
-51 -39 -0.385656
-40 -36 -0.355453
-30 -42 -0.330775
-46 -47 -0.318139
-14 -37 -0.307932
-26 -52 -0.298478
-17 -50 -0.284390
-34 -61 -0.258452
-43 -48 -0.228308
-26 -71 -0.200480
-42 -64 -0.180356
-67 -86 -0.166295
-69 -73 -0.153643
-70 -75 -0.139938
-139 -103 -0.119152
-117 -87 -0.098138
-112 -66 -0.084620
-78 -61 -0.072029
-92 -77 -0.058614
-72 -75 -0.040541
-56 -74 -0.020929
-93 -122 -0.002424
-128 -170 0.018250
-111 -157 0.029407
-113 -152 0.028690
-111 -172 0.022918
-110 -150 0.019160
-117 -149 0.018924
-89 -138 0.026557
-77 -123 0.035823
-24 -102 0.045459
-4 -93 0.053509
15 -65 0.059897
37 -44 0.070684
44 -31 0.081168
-16 -46 0.099897
-8 -24 0.116411
49 29 0.127567
130 80 0.138662
182 122 0.153330
242 169 0.166427
282 186 0.179822
239 224 0.192622
248 250 0.200169
275 251 0.198403
305 255 0.184508
300 237 0.171457
268 225 0.156767
260 201 0.142423
228 190 0.129985
229 181 0.117456
214 176 0.103837
215 163 0.090955
213 169 0.077553
165 146 0.066022
55 107 0.056212
-19 79 0.050324
11 81 0.050990
33 86 0.048998
43 92 0.048059
49 81 0.047231
72 102 0.045651
67 113 0.045473
66 104 0.042185
60 98 0.038120
58 85 0.029034
53 95 0.016889
60 64 0.003693
56 49 -0.010611
60 41 -0.022725
40 29 -0.034236
0 6 -0.044977
-5 -6 -0.056945
-18 -36 -0.065597
-32 -60 -0.072705
-83 -75 -0.081545
-162 -114 -0.086378
-180 -120 -0.081906
-182 -136 -0.074468
-163 -139 -0.065717
-184 -134 -0.056411
-176 -133 -0.046946
-175 -129 -0.037624
-152 -126 -0.026540
-178 -133 -0.016168
-167 -125 0.000000
-173 -138 0.000000
-174 -127 0.000000
R0 425952451.265625

HEART_RATE 115
correla√ß√£o 0.661619
Temperature 33.500000

-8665 47405 1.000000
-8259 44600 0.962366
-7933 41751 0.882537
-7628 38893 0.885553
-7281 36046 0.908529
-6927 33223 0.975978
-6561 30404 0.893934
-6238 27558 0.891618
-5878 24740 0.890865
-5597 21877 0.883983
-5281 19083 0.878001
-4878 16300 0.867200
-4491 13482 0.866256
-4126 10666 0.869825
-3727 7873 0.789819
-3356 5052 0.771805
-3018 2217 0.665249
-2669 -603 0.566434
-2294 -3419 0.478461
-1912 -6249 0.471258
-1548 -9060 0.542497
-1200 -11881 0.540091
-855 -14707 0.619755
-494 -17532 0.619443
-130 -20352 0.534836
203 -23177 0.688469
553 -26002 0.608574
904 -28817 0.605217
1270 -31632 0.602237
1610 -34467 0.594781
1907 -37295 0.586252
2274 -40101 0.585932
2675 -42899 0.584119
3043 -45697 0.574859
3395 -48526 0.487615
3772 -51332 0.479304
4123 -54154 0.472326
4479 -56965 0.463939
4876 -59745 0.455047
5258 -62557 0.445044
5627 -65356 0.437073
6021 -68162 0.427229
6383 -70973 0.408424
6767 -73780 0.401010
7198 -76537 0.388373
7635 -79310 0.371007
8102 -82061 0.358218
8616 -84779 0.351973
9116 -87501 0.343432
9245 -90363 0.352102
8760 -93411 0.306235
8739 -96337 0.332418
9053 -99042 0.301029
9302 -101839 0.253902
9479 -104783 0.242696
9496 -107680 0.232237
9485 -110537 0.237834
9294 -113469 0.201008
8367 -116683 0.197264
6961 -120065 0.102528
2221 -125592 0.075657
-272178 -135627 0.035231
-268630 144900 0.132985
-266775 145590 0.084952
16037 147562 0.142432
20463 139617 0.144621
20777 135102 0.099607
19913 132916 0.124111
19675 130615 0.106781
19929 128825 0.074262
20712 128995 0.050293
19646 123221 0.040503
20637 117826 0.033917
20821 113801 0.027930
20976 110344 0.025096
19266 107595 0.023756
18244 104353 0.023499
20105 100683 0.016390
22338 97559 0.000061
23420 94380 -0.004008
23637 90925 -0.000440
23935 87475 0.003703
23884 83833 0.007216
23675 80230 0.010353
23791 77062 0.013547
24156 74067 0.016021
23886 70562 -0.060487
24098 67535 -0.057459
24484 64643 -0.054715
24825 61659 -0.051478
25143 58716 -0.047704
25420 55764 -0.044511
25808 52928 -0.041208
26217 50152 -0.037154
26650 47359 -0.033351
26971 44381 -0.028983
27600 41632 -0.023712
28317 39070 -0.097589
28591 36226 -0.093795
28903 33312 -0.088945
29439 30538 -0.083345
29992 27836 -0.077762
30634 25245 -0.071921
30976 22447 -0.066124
31210 19559 -0.059463
31699 16818 -0.052616
32282 14126 -0.045804
32599 11275 -0.038637
32695 8280 -0.030890
32901 5346 -0.101319
33283 2538 -0.092849
33588 -306 -0.084612
33886 -3142 -0.076334
34208 -5995 -0.067133
34623 -8792 -0.057080
34975 -11615 -0.047386
35374 -14417 -0.036955
35796 -17218 -0.025885
36110 -20030 -0.016233
36611 -22667 -0.007029
37302 -25207 -0.074744
38245 -27579 -0.064073
39001 -30109 -0.052159
39772 -32669 -0.040105
40705 -35152 -0.027813
40908 -38045 0.000000
39996 -41957 0.000000
-1059434 -860600 0.000000
R0 90317992.507812

HEART_RATE 26
correla√ß√£o 0.981396
Temperature 33.599998
red_rms nan
ir_rms nan
Z nan
SPO2 nan

90418 94237 1.000000
73534 76590 0.590220
70347 73523 1.261330
68553 71654 0.745700
66770 69780 1.004647
64987 67916 0.875495
63214 66046 0.357815
61422 64183 1.077293
59628 62301 0.909291
57845 60434 0.808240
56071 58559 0.712351
54280 56698 1.469948
52492 54813 1.854287
50698 52942 1.549067
48920 51072 1.934188
47135 49202 1.183949
45343 47337 1.525957
43560 45470 1.263918
41790 43610 1.094126
40006 41750 1.310347
38218 39876 0.817987
36441 38014 1.104144
34652 36127 0.645692
32871 34248 0.920086
31071 32373 0.473596
29297 30495 0.766313
27498 28626 0.719804
25705 26738 0.326058
23909 24866 -0.429741
22135 23001 0.679793
20348 21124 -0.060859
18561 19270 0.321497
16786 17399 -0.402874
14988 15520 -0.004013
13198 13644 -0.340854
11399 11767 -0.668864
9617 9884 -1.360286
7829 8006 -2.039118
6032 6126 -1.964351
4242 4251 -2.249761
2445 2384 -2.524593
637 505 -3.158489
-1148 -1370 -3.410292
-2939 -3237 -3.649774
-4715 -5114 -3.878197
-6502 -6975 -4.093102
-8281 -8845 -3.922781
-10062 -10713 -4.484628
-11845 -12593 -4.661662
-13634 -14454 -4.826636
-15428 -16329 -4.978228
-17211 -18197 -4.744712
-18985 -20070 -3.011148
-20771 -21943 -0.891103
-22562 -23799 -0.614347
-24350 -25681 1.535272
-26122 -27541 1.469378
-27913 -29420 2.906190
-29702 -31286 2.872954
-31484 -33155 2.111990
-33264 -35028 2.480779
-35050 -36897 2.123689
-36842 -38763 2.154471
-38615 -40632 2.203262
-40411 -42495 1.527297
-42191 -44361 1.238787
-43969 -46228 1.341108
-45755 -48100 1.460573
-47536 -49968 1.598645
-49324 -51850 1.384283
-51112 -53721 1.189133
-52895 -55580 1.756045
-54670 -57459 1.970281
-56467 -59327 1.091218
-58250 -61190 1.346072
-60035 -63069 0.506048
-61815 -64928 0.429904
-63603 -66801 0.376407
-65389 -68672 -0.027071
-67174 -70540 -0.410684
-68967 -72420 -0.773420
-70752 -74299 -1.114333
-72552 -76173 -1.061110
-74333 -78034 -0.984186
-76112 -79911 -1.255133
-77907 -81776 -1.499936
-79691 -83662 -1.720629
-81481 -85522 -1.172934
-83258 -87384 -1.717717
-85047 -89258 -1.496447
-86827 -91129 -1.621893
-88608 -92989 -0.980213
-90370 -94843 -0.312735
-92162 -96712 -0.362097
-93945 -98581 0.726948
-95735 -100456 0.355399
-97515 -102317 0.379256
-99307 -104194 0.059479
-101092 -106061 0.509970
-102882 -107931 0.245220
-104669 -109806 0.381434
-106443 -111676 0.544498
-108102 -113512 -0.007997
-109676 -115378 0.208131
-111476 -117280 0.824032
-113059 -119115 0.352131
-114812 -120992 1.022622
-116538 -122872 0.234638
-118015 -124639 0.590910
-119435 -126138 0.602839
-120993 -127353 0.642227
-121891 -128418 1.084611
-122241 -128849 0.438208
-123594 -130327 0.182481
-124824 -131490 -0.044869
-126023 -132598 0.127554
-126560 -133199 -0.045142
-127684 -134627 0.547246
-127913 -134943 0.052835
-128624 -135266 -0.048051
-128774 -134968 0.247929
-127603 -133402 0.193903
-123975 -128792 0.156620
-104136 157300 0.204679
445966 712664 0.156806
1000673 995295 0.000000
1283463 1270587 0.000000
1558733 1277546 0.000000
R0 289938226.492188

HEART_RATE 75
correla√ß√£o 0.824556
Temperature 33.299999
red_rms 2708.588747
ir_rms nan
Z nan
SPO2 nan

-115868 2510 1.000000
-112838 2506 0.960048
-110245 2535 0.823806
-108122 2754 0.632635
-106679 2865 0.594565
-105087 3065 0.695533
158609 3390 0.858796
159964 3513 0.777515
161336 3660 0.617921
162349 3477 0.388076
163808 3453 0.240309
165034 3386 0.365491
165806 3038 0.158981
167008 2953 0.304047
168327 2930 0.342655
169499 2946 0.622527
170651 2872 0.559567
172275 2995 0.731075
173936 3232 0.674237
175395 3327 0.969225
176865 3456 1.166465
178593 3685 0.959446
180667 4164 0.761539
182878 4757 0.741489
184349 5126 0.641543
184370 4834 0.214317
179118 1139 0.177720
-97186 -7188 0.048933
-102660 -4731 0.274083
-103715 -6814 0.289451
-102670 -7364 0.047297
-367122 -10024 -0.082870
-368080 -11554 -0.139229
-359079 -8266 -0.225527
-346499 -3436 -0.310575
-79378 -3185 -0.151355
-76149 -3140 -0.088112
-73134 -2879 -0.135120
-70723 -2653 -0.175468
-68729 -2490 -0.211147
-67060 -2389 -0.359141
-65429 -2299 -0.505574
-63819 -2099 -0.534003
-62408 -2026 -0.559700
-60998 -1915 -0.467573
-59677 -1852 -0.488505
-58174 -1798 -0.160032
-56744 -1679 -0.292507
-55456 -1633 -0.307349
-54147 -1553 -0.435948
-52894 -1520 -0.562162
-51588 -1495 -0.801547
-50176 -1396 -0.806861
-48816 -1338 -0.809475
-47425 -1255 -0.809636
-46105 -1211 -0.806626
-44834 -1186 -0.916036
-43517 -1159 -1.022877
-42207 -1152 -1.126927
-40815 -1085 -1.229087
-39500 -1071 -1.329069
-38156 -1033 -1.310866
-36809 -965 -1.289958
-35504 -972 -1.266513
-34128 -904 -1.240323
-32771 -864 -1.326083
-31414 -818 -1.408471
-30071 -789 -1.487639
-28729 -762 -1.679065
-27424 -734 -1.750931
-26173 -749 -0.778011
-24865 -715 -0.264916
-23529 -652 0.135965
-22230 -632 0.077491
-20887 -571 0.254174
-19550 -525 0.666279
-18217 -489 0.851467
-16888 -439 0.808902
-15583 -407 0.769775
-14240 -355 0.618390
-12898 -296 0.933088
-11568 -251 0.903927
-10188 -189 0.878505
-8871 -161 0.741577
-7530 -117 0.608006
-6206 -84 0.478896
-4876 -71 0.354052
-3520 8 0.233584
-2203 21 0.117448
-916 54 0.353412
349 103 0.362825
1669 126 0.030510
3003 182 -0.179119
4335 203 -0.265994
5683 257 -0.445743
7053 321 -0.479862
8393 371 -0.488812
9735 435 -0.370128
11067 462 -0.369933
12429 521 -0.364638
13762 560 -0.241636
15105 602 -0.122244
16458 668 0.083807
17770 674 0.276534
19120 738 0.347039
20470 772 0.298027
21796 810 0.245869
23140 845 0.189851
24436 863 0.245601
25746 862 0.181333
26972 872 0.112473
28259 885 0.039306
29621 945 -0.037914
30949 990 -0.119513
32261 1020 -0.089934
33627 1093 -0.180580
34961 1122 -0.159762
36287 1172 -0.143949
37609 1212 -0.132347
38950 1252 -0.124768
40310 1333 -0.121705
41646 1350 -0.122208
42995 1425 -0.126756
44320 1460 -0.121758
45668 1502 -0.110824
47015 1552 0.000000
48311 1575 0.000000
49668 1648 0.000000
R0 4310.687500

HEART_RATE 333
correla√ß√£o 0.795397
Temperature 33.500000
red_rms 37.148351
ir_rms 65.650590
Z 0.676676
SPO2 33.630803

-229 -20 1.000000
8 -26 0.786920
37 -1 0.604252
26 -14 0.448951
39 -1 0.279237
58 1 0.159739
54 10 0.063295
89 31 -0.035441
77 16 -0.109100
73 28 -0.194426
2 3 -0.192827
-73 -30 -0.155761
-13 5 -0.156511
8 29 -0.117805
-4 13 -0.091861
24 30 -0.072219
8 22 -0.003831
-2 15 0.062157
37 19 0.134633
17 16 0.241038
44 18 0.299407
49 18 0.291487
35 12 0.196244
55 15 0.080460
38 -1 -0.009921
35 10 -0.122704
73 20 -0.229044
45 -9 -0.296509
39 -1 -0.376048
54 4 -0.452074
-6 -44 -0.473271
-75 -61 -0.428455
-123 -77 -0.353745
-97 -51 -0.310645
-84 -56 -0.252853
-98 -72 -0.198513
-53 -53 -0.153664
-54 -59 -0.073672
-73 -64 0.005102
-55 -46 0.089409
-63 -71 0.175152
-36 -44 0.165323
-39 -41 0.116478
-23 -44 0.040919
-20 -12 -0.026609
-22 -32 -0.080405
-18 0 -0.120815
-11 -4 -0.147198
-17 -3 -0.183514
-4 13 -0.245766
-63 -10 -0.255327
-133 -33 -0.230762
-112 -14 -0.198018
-114 -21 -0.122153
-93 -15 -0.076471
-68 -9 -0.037804
-90 -19 0.026950
-70 -8 0.076507
-87 -20 0.158353
-83 -26 0.237970
-38 8 0.285571
42 67 0.270233
134 119 0.182573
144 117 0.126067
146 133 0.083932
140 101 0.038987
148 108 0.008458
149 97 -0.010571
127 62 -0.017995
123 72 -0.028131
50 31 -0.010073
-34 -5 0.031689
-51 -11 0.047420
-4 0 0.025996
-19 28 0.040506
-25 0 0.035573
4 30 0.026357
28 29 0.042815
0 20 0.074669
22 42 0.106445
5 12 0.159922
8 2 0.173294
14 10 0.150344
9 0 0.103105
35 11 0.054969
57 26 0.011182
93 28 -0.036403
120 42 -0.053155
100 29 -0.059503
137 61 -0.092963
99 28 -0.081529
4 -4 -0.051326
-37 -9 -0.029007
-44 -25 -0.015476
-24 -8 -0.020993
-19 5 -0.013709
-11 -11 -0.016962
10 1 -0.025413
-5 -12 -0.014327
-2 -2 -0.012313
8 8 0.002795
13 -7 0.022926
33 2 0.011240
13 -11 0.003974
-4 -26 -0.010055
0 -14 -0.027923
-3 -28 -0.032032
2 -9 -0.038000
31 -3 -0.046083
33 -27 -0.049896
46 9 -0.060477
0 -10 -0.033993
-112 -42 0.018192
-97 -20 0.017944
-80 -34 0.018174
-59 -22 0.010071
-38 -6 0.004206
-25 -9 0.004699
-35 -12 0.013391
-40 -16 0.018714
-24 -19 0.011628
-4 -12 0.003710
-15 -44 0.008344
0 -25 0.001029
0 -3 0.001553
-11 -17 0.000000
15 11 0.000000
15 -7 0.000000
R0 75287205.054688

HEART_RATE 19
correla√ß√£o 0.993851
Temperature 33.500000
red_rms nan
ir_rms 2859.779887
Z nan
SPO2 nan

-427692 -360912 1.000000
-407586 -344098 -0.753341
-387485 -327312 -0.037626
-367444 -310534 -0.035180
-347429 -293762 -3.295951
-327357 -276983 0.273837
-307232 -260179 2.719661
-287107 -243371 0.076750
-267004 -226567 -2.265330
-246875 -209763 -0.694089
-226807 -193012 -2.298794
-206701 -176205 0.989112
-186597 -159432 -3.716265
-166511 -142659 1.006300
-146394 -125843 1.386872
-126308 -109062 0.139317
-106202 -92266 0.421189
-86100 -75447 0.936200
-66002 -58683 0.392326
-45882 -41881 -1.616404
-25784 -25076 -2.829806
-5711 -8305 -0.085574
14407 8502 -2.251249
34453 25250 -1.255824
54457 42027 0.263276
74519 58797 1.456717
94621 75589 0.142234
114760 92416 -0.521360
134845 109191 -1.829005
154960 125991 -0.614911
175069 142788 -0.403805
195160 159559 0.184985
215259 176363 -1.039532
235342 193149 0.868659
255426 209910 0.158944
275537 226728 0.882624
295624 243506 -1.815085
315743 260304 -0.320887
335814 277096 -0.385154
355904 293873 1.157093
376022 310691 0.332502
396104 327449 0.738100
416204 344249 -1.154860
436294 361035 0.501057
456354 377819 -0.042858
476394 394579 1.706435
496416 411351 0.445929
516541 428169 0.231142
536615 444943 -1.567870
556703 461741 0.437131
576800 478533 1.386459
596911 495322 -2.691430
617063 512146 1.173646
637139 528932 -0.348653
657277 545733 1.252252
677416 562574 -1.112100
697499 579354 0.622048
717617 596185 0.257714
737680 612968 -0.824926
757768 629741 0.981360
777876 646539 1.700597
798342 663535 -0.457327
819330 680920 -2.930669
835780 695553 -1.028272
289186 688379 -1.979648
-809664 -674296 -0.728637
-810447 -680764 -1.957434
-795042 -668280 0.029011
-775972 -652112 1.948696
-755990 -635409 -0.022305
-735903 -618628 0.436889
-715819 -601835 0.251895
-695731 -585055 1.695272
-675637 -568263 0.796402
-655550 -551470 0.274039
-635459 -534677 -0.275882
-615368 -517888 2.305839
-595282 -501105 0.042100
-575195 -484314 0.549513
-555100 -467538 -0.141753
-535010 -450733 -1.098465
-514921 -433953 1.285894
-494812 -417152 0.815799
-474728 -400355 0.203658
-454630 -383567 1.273633
-434555 -366774 -0.387825
-414462 -349987 1.055302
-394370 -333207 -0.593453
-374289 -316426 1.392256
-354195 -299631 -0.075580
-334111 -282843 -0.498826
-314023 -266057 0.608785
-293949 -249279 1.508663
-273856 -232484 0.457927
-253765 -215698 -1.608256
-233672 -198914 -0.192393
-213585 -182115 -0.600792
-193487 -165324 -0.117031
-173390 -148535 -1.818862
-153309 -131740 -0.315398
-133201 -114953 1.315020
-113127 -98168 0.440111
-93037 -81367 -0.223275
-72941 -64568 -0.634092
-52837 -47784 1.030807
-32763 -30991 0.354189
-12671 -14209 0.498061
7428 2586 -0.274516
27513 19376 1.196521
47590 36172 -0.394726
67678 52972 -0.103218
87769 69759 -0.115935
107865 86541 -0.390666
127956 103337 0.006282
148057 120121 -0.221345
168137 136913 0.307234
188237 153706 0.740249
208315 170495 0.229915
228421 187291 0.599974
248512 204081 -0.336506
268610 220865 -0.307205
288687 237666 0.283325
308787 254450 -0.305731
328873 271238 -0.248632
348966 288025 0.047900
369057 304820 0.000000
389146 321612 0.000000
409241 338398 0.000000
R0 28.835938

HEART_RATE 333
correla√ß√£o -0.046395
Temperature 33.700001

0 17 1.000000
4 12 0.387429
-6 13 0.328637
2 14 0.335140
-1 11 0.175833
-2 12 0.034950
6 -6 -0.084259
5 1 -0.139529
-4 2 -0.242482
-4 -6 -0.191276
1 -5 -0.201300
1 0 -0.124627
0 -5 -0.041181
-5 -2 -0.024925
2 -7 -0.086968
-4 1 -0.004335
4 2 0.089136
5 -11 -0.059063
6 0 0.045787
13 -2 -0.079924
12 -8 -0.097805
14 -2 -0.037659
17 2 -0.057708
7 0 -0.074506
12 -2 0.047684
10 -1 0.033324
-5 0 -0.044974
-14 -5 0.177459
0 3 0.120564
-10 4 0.079382
-15 7 0.101598
-11 -10 0.037930
-6 -1 0.160119
-2 1 0.033595
0 6 0.010837
-2 -5 -0.007857
-3 1 -0.027906
0 -3 0.024113
2 -4 -0.129775
-4 1 -0.041181
-4 3 -0.008941
2 -9 -0.160932
-6 1 -0.100515
0 -2 -0.081821
-2 -6 -0.155242
-1 0 -0.062314
3 3 -0.065023
-5 3 -0.145489
0 5 -0.038743
7 0 -0.010837
1 -5 -0.045787
1 -2 -0.067461
6 9 0.013817
2 2 -0.011379
1 -5 -0.080737
-6 2 0.018965
-1 -3 0.005690
-2 -9 -0.027906
-8 7 0.003522
0 -1 0.060688
-4 0 0.016527
1 6 0.063397
-10 0 -0.010295
-5 0 -0.052289
0 0 0.090761
5 -1 0.008128
-5 -1 -0.071254
-6 7 0.008670
-4 0 -0.049580
-6 5 -0.026280
3 -2 0.007315
2 -4 -0.000542
0 0 0.023842
2 -4 -0.005690
1 1 0.019507
2 2 -0.027906
0 -5 -0.010295
4 6 0.012734
-3 -9 -0.130046
-6 -8 -0.077215
1 5 -0.076402
7 -5 -0.073422
-2 0 -0.014088
9 0 0.030344
4 4 0.010837
-4 -2 0.114603
3 0 0.101057
-2 1 0.106475
1 0 0.162287
5 -4 0.088865
0 0 0.028989
-1 0 0.039556
-5 -6 0.026280
8 1 -0.074235
-3 3 -0.065294
0 3 -0.060146
0 4 -0.095638
1 -2 -0.043891
4 0 -0.017610
-1 -3 0.029531
1 0 0.004877
-2 -5 0.059334
0 -4 0.073151
-3 8 0.064481
-1 13 0.096993
9 -9 0.020591
-1 -2 0.063939
6 3 0.015172
3 0 -0.004606
10 3 0.015714
7 3 0.030886
4 4 -0.034679
-6 1 -0.009483
7 1 0.003251
-4 0 -0.006773
-4 -5 0.004606
5 1 0.002980
-3 1 0.008670
-3 -1 -0.018423
-5 5 0.017610
7 9 0.004877
0 4 -0.007044
2 -1 0.004335
5 7 -0.003522
1 0 -0.001626
4 0 0.000000
4 6 0.000000
1 0 0.000000
R0 16.492188

HEART_RATE 333
correla√ß√£o 0.027277
Temperature 33.500000

2 -6 1.000000
2 2 0.130270
4 -3 -0.100900
-6 -2 -0.030791
4 3 -0.052108
4 4 -0.035528
5 9 -0.132165
-8 0 0.035054
-5 5 0.053529
4 3 0.088110
0 -1 0.191378
-1 -2 -0.020843
4 2 0.046897
-3 -2 -0.063003
-4 2 -0.034107
5 1 -0.036949
9 4 -0.003790
-3 1 0.088584
12 0 0.017054
7 -3 0.134060
-3 -1 0.084794
0 -1 0.004737
1 2 -0.030791
1 -2 -0.092847
-5 -2 -0.073899
5 -7 -0.042160
-1 -3 0.048792
-3 7 0.164851
-2 -5 0.105163
-4 0 0.074372
1 -10 -0.034107
-4 1 0.008053
-4 4 -0.102321
1 7 -0.064898
1 -5 -0.078636
2 -7 -0.042634
-5 0 0.141165
0 6 0.054477
1 -1 0.000474
0 4 -0.002369
1 -5 -0.114638
4 -8 0.092847
0 -8 -0.033160
-4 5 0.010422
-7 6 0.023212
3 -1 0.012790
3 11 0.050687
4 2 -0.003790
-5 -8 0.015159
7 -5 -0.063477
4 2 -0.092373
-2 3 0.008053
2 1 0.021317
-5 -3 0.037897
1 0 0.026054
-2 -12 0.024159
-7 -2 0.074846
3 10 -0.042160
0 1 0.027475
3 -5 -0.044529
6 8 -0.038844
2 -1 -0.081478
2 6 -0.032212
-3 2 0.018948
0 -1 0.018948
-6 -1 0.040265
-2 -2 0.015632
0 5 -0.029844
0 0 0.006632
7 2 0.009474
2 4 0.051161
2 -2 0.017054
3 3 0.031739
-4 4 0.000000
0 2 0.068214
-3 0 -0.003316
1 3 -0.088584
7 1 0.035528
2 -1 0.101847
2 0 -0.013738
-2 -2 -0.047371
-1 1 0.018001
0 -1 0.007106
-2 4 0.031265
-2 5 -0.008053
0 0 0.000000
2 -1 0.058266
8 -4 0.046423
8 -5 0.003316
1 3 -0.005211
7 7 0.028896
-2 6 0.000000
0 3 -0.043108
4 5 0.067740
-6 2 0.044055
0 7 0.015159
2 0 -0.027001
7 2 0.099479
5 -4 0.036002
4 2 0.023212
-4 7 0.040739
-1 0 0.029370
0 5 -0.060161
4 2 -0.053055
2 0 0.005685
6 -5 0.017527
1 -2 -0.017527
-2 -4 -0.001895
-2 0 -0.013738
0 -5 0.004737
0 7 -0.010895
1 2 -0.002369
0 -5 -0.033633
4 -4 0.013264
0 -4 0.091426
8 7 0.020369
5 7 -0.076741
-4 0 -0.063951
-1 -1 0.045950
2 4 0.061582
1 0 -0.018475
-9 -2 -0.048318
-8 1 -0.004737
5 -8 0.018948
8 8 0.009474
0 -1 0.000000
-5 1 0.000000
-4 8 0.000000
R0 32.382812

HEART_RATE 333
correla√ß√£o 0.023451
Temperature 33.299999

-1 2 1.000000
0 6 0.379493
3 0 0.249216
0 -1 0.268758
3 0 0.103016
0 -1 -0.148613
5 10 -0.041013
3 -2 -0.089747
-1 0 -0.209891
2 -2 -0.171532
-9 -1 -0.067551
3 2 -0.238359
5 0 -0.124970
4 1 -0.126659
0 -5 -0.093124
3 -3 -0.138239
3 7 0.069481
1 -2 0.041978
3 5 0.019542
2 6 0.049457
-3 0 0.033052
-5 2 -0.110736
0 -5 0.078408
11 6 0.063691
4 7 0.000000
8 -8 0.039324
11 -7 0.122316
-13 -4 0.059349
-4 -4 0.002413
2 -17 0.024367
-4 -8 0.084922
-7 0 -0.015199
2 -4 0.062002
-1 -2 0.076236
0 0 0.131725
-3 -2 0.047527
3 1 0.080097
1 8 0.091677
18 0 0.032328
14 3 0.004343
13 0 -0.056212
17 3 -0.038118
15 2 -0.024608
6 5 -0.074789
-10 7 -0.010615
-3 2 -0.086369
-6 -6 -0.070929
-18 1 -0.061279
-3 4 -0.041978
-9 12 -0.038601
-5 5 -0.026055
-5 -1 -0.086610
-2 3 -0.068999
-10 6 0.066104
-6 5 -0.041013
1 -2 -0.043426
3 10 0.071170
-1 1 -0.004101
0 -1 -0.082992
2 -1 0.099638
2 1 0.112666
0 0 0.020507
5 5 0.062485
0 7 0.077925
6 -1 0.002654
0 0 0.052111
4 -1 0.122075
8 5 0.048975
7 1 -0.003378
-9 -3 0.068999
1 -8 -0.007479
3 3 -0.027262
2 0 -0.027021
1 2 -0.030398
3 5 -0.132207
-2 1 -0.029433
6 3 0.009891
-4 -1 -0.083474
3 0 -0.020989
0 1 0.010615
0 -1 -0.050905
-11 1 -0.034982
-1 -5 0.059349
-6 3 0.103016
-4 -10 0.028951
3 -1 0.101086
2 3 0.082509
-3 -6 0.015682
-3 0 0.028468
0 3 0.052835
-1 -4 0.012063
-2 8 -0.015440
-1 -4 0.048733
-9 0 0.041737
7 0 -0.010133
6 -3 0.023160
0 -4 -0.004584
0 -1 -0.017370
7 0 0.005066
2 5 -0.025573
0 0 -0.005066
8 -3 0.041737
2 7 0.037394
-2 8 0.046562
2 9 0.028951
7 -1 0.004584
-1 8 -0.012545
4 -2 -0.009891
10 2 -0.001930
4 5 0.009168
-3 -6 0.014475
0 -4 -0.002895
-2 -2 0.023643
-5 0 -0.002171
-2 -4 0.017370
0 12 0.022919
2 -1 -0.010133
0 -12 -0.008203
3 10 -0.000483
0 3 0.006755
-3 0 0.013752
6 -6 0.010133
-3 -1 0.006514
2 1 0.005308
2 -1 0.003860
-1 -1 0.000000
6 -4 0.000000
9 -3 0.000000
R0 265.507812

HEART_RATE 333
correla√ß√£o 0.758775
Temperature 33.500000
red_rms 16.062378
ir_rms 16.278821
Z 0.729168
SPO2 36.239654

5 36 1.000000
10 26 0.911490
15 30 0.887421
12 23 0.864705
18 31 0.798558
11 24 0.747477
6 31 0.681124
18 24 0.621480
-2 20 0.537855
3 21 0.482772
8 19 0.398764
4 17 0.318964
14 8 0.240724
2 14 0.162483
9 14 0.082154
3 14 -0.002913
7 11 -0.068089
4 9 -0.127497
2 5 -0.178755
5 4 -0.239694
15 3 -0.285891
6 -2 -0.324526
-1 -4 -0.365956
3 -9 -0.401265
-3 -1 -0.429307
-4 -8 -0.460762
-7 -25 -0.472503
-6 -26 -0.488451
-16 -20 -0.500250
-21 -20 -0.502722
-19 -25 -0.495248
-17 -19 -0.490716
-26 -25 -0.478064
-29 -24 -0.450640
-11 -25 -0.447168
-28 -29 -0.416242
-25 -19 -0.393350
-20 -25 -0.386877
-21 -24 -0.353509
-28 -23 -0.326232
-20 -20 -0.305282
-27 -27 -0.270266
-31 -36 -0.233868
-20 -21 -0.211329
-25 -37 -0.185788
-20 -28 -0.152803
-19 -27 -0.134324
-20 -12 -0.114492
-18 -13 -0.082389
-21 -21 -0.072473
-25 -20 -0.056054
-27 -28 -0.023363
-17 -23 0.001295
-12 -16 0.015713
-15 -21 0.035869
6 -15 0.055554
10 -7 0.061792
11 -7 0.066706
22 -14 0.081683
20 2 0.088863
25 0 0.098485
19 0 0.115786
32 9 0.119788
28 12 0.124261
31 13 0.125555
36 20 0.134353
35 21 0.130528
46 22 0.118405
44 19 0.129410
38 20 0.118376
34 17 0.104075
29 19 0.114021
29 15 0.106164
28 23 0.102428
15 18 0.096925
19 17 0.088745
17 15 0.086185
4 1 0.079918
3 0 0.075004
6 6 0.075886
3 4 0.071708
6 5 0.065823
3 5 0.068589
-1 9 0.060409
-7 12 0.060380
2 13 0.051758
4 10 0.050110
-5 8 0.047874
6 9 0.038605
0 14 0.035575
-6 2 0.032132
3 1 0.030072
0 3 0.018096
4 2 0.019891
5 3 0.010946
0 15 0.011976
-5 3 0.005120
-3 7 -0.000794
3 4 -0.001648
5 5 -0.010769
2 12 -0.006473
-8 6 -0.017008
5 9 -0.018302
1 8 -0.022775
-3 3 -0.018861
0 -4 -0.024040
-5 8 -0.028777
0 7 -0.021627
-6 -2 -0.025747
-5 -3 -0.019538
-4 0 -0.024599
-1 -2 -0.023805
-9 0 -0.023893
-12 0 -0.017743
0 2 -0.017361
-7 -1 -0.019803
-1 1 -0.013712
-8 -1 -0.015831
-9 3 -0.012270
-5 -6 -0.013712
2 -2 -0.015007
-1 -8 -0.012859
-11 -6 -0.012917
-4 -3 -0.009210
-8 -3 -0.007003
-3 -7 0.000000
-8 -3 0.000000
-4 -5 0.000000
R0 30.273438

HEART_RATE 333
correla√ß√£o -0.002701
Temperature 33.000000

0 -4 1.000000
-10 5 0.240774
1 2 0.235097
0 1 0.160258
3 -1 0.109935
6 4 0.022968
-2 3 0.026581
0 1 -0.155355
-1 10 -0.167484
-2 -5 -0.172903
2 -2 -0.144516
-3 -3 -0.077419
0 -4 -0.125935
-3 1 0.039742
1 2 -0.133161
2 7 -0.038194
0 13 0.069935
-1 1 0.089290
0 8 0.025290
2 5 0.001806
-3 2 -0.003355
11 -6 0.000258
1 -3 -0.012129
10 -2 0.003871
0 11 -0.010065
7 0 -0.044387
0 1 0.275871
-8 -1 0.080000
-9 1 0.068129
0 -12 0.074839
3 0 0.075355
9 4 0.104774
0 -8 0.143742
-1 16 0.001290
0 8 -0.015226
2 23 -0.126194
11 -3 -0.110710
0 1 -0.010323
-1 -7 -0.128000
-1 -6 -0.072258
-2 -18 -0.092129
2 -14 -0.104000
1 -3 -0.041806
6 -1 0.125935
-5 2 -0.012129
2 -3 0.038452
-5 -7 -0.100387
16 -4 0.004129
9 -4 0.009032
19 2 0.046194
9 -4 0.001032
8 3 -0.085677
8 6 -0.011871
13 5 0.040000
-5 5 0.011871
-2 -2 0.017548
-5 -1 0.080258
-12 -1 -0.021677
-5 -6 0.128258
-12 -3 0.028903
-10 -6 0.095226
-9 1 0.015484
0 1 0.000774
0 9 0.033548
-1 -5 0.014710
-3 -3 -0.010065
5 8 0.030710
3 1 0.004129
2 7 0.006194
-1 2 0.076129
5 -2 0.008516
2 -2 0.078968
-1 -8 -0.062968
9 -10 0.050581
2 8 0.047742
3 1 0.032258
8 3 0.029419
-13 0 -0.004903
-1 -5 -0.059613
12 -8 0.014194
-7 2 0.025290
0 -4 0.006452
-1 0 0.036387
0 -2 -0.008774
2 -3 0.015484
1 2 0.034323
-5 3 0.045161
-4 6 0.038710
-3 -2 -0.037677
-1 -2 0.010065
-6 -1 0.022452
-1 -5 -0.000258
11 -4 0.031484
-8 -6 0.013161
-3 3 -0.029935
3 14 -0.015226
7 2 -0.003355
1 2 0.033806
0 2 -0.033032
4 -1 0.015226
-2 2 0.006710
4 3 0.032258
-2 -5 -0.008258
-1 6 0.003097
4 -2 -0.028903
8 2 -0.006194
2 -2 -0.017032
7 0 -0.004903
5 -4 0.009806
-3 0 -0.014452
1 0 -0.010323
5 8 0.005161
1 5 0.005935
-1 0 -0.000258
0 -2 -0.006452
3 -5 -0.012129
4 1 0.007226
-2 5 0.002065
3 -5 0.010065
-1 -1 -0.005677
0 0 -0.004129
0 5 -0.015484
8 0 -0.000774
-1 -5 0.007742
-4 14 0.003355
-1 -2 0.000000
3 7 0.000000
-3 2 0.000000
R0 36.203125

HEART_RATE 333
correla√ß√£o -0.160806
Temperature 33.099998

0 -3 1.000000
1 5 0.406560
4 -4 0.385628
3 12 0.260035
-4 -4 0.294130
1 3 0.357790
3 1 0.273845
0 -2 0.255934
-2 7 0.149763
0 3 0.180621
1 1 0.212559
6 -1 0.198533
8 -1 0.035391
5 -5 0.110488
8 2 0.136815
-2 1 0.034096
10 5 0.081571
2 5 -0.005395
0 4 0.064523
12 2 0.046180
0 8 0.021795
-3 -3 0.003884
1 -2 -0.157531
0 -1 -0.117177
4 -4 -0.156884
6 5 -0.160121
4 -3 -0.107898
-6 5 -0.182348
-10 9 -0.176521
-8 2 -0.290678
11 -8 -0.286793
-5 -3 -0.269961
7 -5 -0.261545
1 -2 -0.238239
1 6 -0.239750
-6 10 -0.210833
0 0 -0.207164
-3 1 -0.060639
1 -4 -0.201338
-1 -8 -0.138973
0 -3 -0.192490
-5 -3 -0.075960
2 2 -0.090203
6 -3 -0.143289
8 7 -0.175227
-3 -2 -0.182564
-4 3 -0.133362
0 1 -0.107682
-10 4 -0.154510
-11 -1 -0.216875
-9 5 -0.143505
0 0 -0.116530
-3 0 0.000216
0 -4 -0.089771
-5 -1 -0.129694
-12 8 -0.093224
-4 -2 -0.024169
2 -4 -0.004532
0 -7 -0.025464
-2 1 -0.024817
-3 0 -0.013595
-1 0 0.067760
-2 -2 0.003453
-6 0 0.065386
-9 -1 -0.030643
-16 5 -0.005611
-6 1 0.036254
-3 -6 -0.023090
-11 0 0.048338
-3 1 0.002158
-8 0 0.090634
-3 3 0.038196
-3 9 0.042512
-3 5 0.018127
-11 0 0.067328
-8 2 0.064091
-4 2 0.105524
7 9 0.101208
0 0 0.104014
2 9 0.117177
0 7 0.123651
-2 1 0.121925
13 0 0.094087
1 7 0.040570
5 2 0.119767
1 -6 0.051791
2 3 0.099914
4 -5 0.082434
6 -1 0.048338
2 -9 0.108330
0 -5 -0.000216
3 -6 0.050928
1 -6 0.020932
12 -4 0.026975
8 2 0.000000
16 -5 -0.009063
11 -4 -0.009279
2 -4 0.007984
12 -4 0.054596
11 2 0.012085
17 5 0.020501
0 0 -0.038628
2 11 -0.006690
12 3 -0.001295
2 0 -0.020285
6 -2 0.007769
-1 8 -0.016401
-4 2 -0.007121
2 0 -0.031075
-5 14 0.000432
4 3 -0.036254
-4 -4 -0.024169
0 1 -0.011006
-4 0 -0.032801
6 6 -0.033448
-4 3 -0.038843
-2 2 -0.009495
-3 1 -0.002158
-1 1 0.004532
6 0 0.003021
-4 5 -0.003021
4 5 -0.008848
-2 -4 0.002590
2 2 0.002158
-3 2 -0.015106
-1 -3 0.000000
-9 -2 0.000000
-11 4 0.000000
R0 30.734375

HEART_RATE 333
correla√ß√£o -0.084083
Temperature 33.000000

-5 0 1.000000
1 1 0.403152
0 0 0.213777
-6 -2 0.150229
4 -10 0.127097
-1 5 0.057702
-8 2 -0.207677
-6 3 -0.314692
2 0 -0.211744
-3 3 -0.051856
6 3 -0.162176
-2 19 -0.237417
0 9 -0.225470
2 20 -0.001017
2 7 0.115913
-1 22 0.008643
-1 14 -0.070920
0 5 0.000254
-6 -12 0.159888
0 -10 0.098119
-7 -13 -0.011439
0 -12 -0.032791
2 -8 -0.029487
-4 -8 0.063803
3 -9 0.031520
4 -6 -0.089222
-1 2 -0.088714
-2 -5 0.006101
4 1 0.064057
8 1 -0.019573
11 -4 -0.119725
11 -5 -0.004321
16 0 0.062278
20 5 0.101678
14 0 0.015760
13 -5 -0.023640
-2 -2 0.049314
-8 -2 0.096085
0 9 0.107016
-13 -2 0.005592
-15 7 0.003559
-6 0 0.040925
-7 3 0.097102
0 -6 -0.012710
-9 -1 -0.115658
0 10 -0.088714
6 -7 -0.051601
6 0 0.015506
2 -1 -0.075750
-1 -6 -0.149975
3 -1 -0.026690
3 1 0.029232
9 3 0.038383
-7 3 -0.022877
-4 3 -0.067616
-1 0 0.016777
8 0 0.070666
2 0 -0.012964
-6 9 -0.080834
-2 2 0.029232
8 0 0.102694
7 3 0.108795
1 -2 0.034570
-2 5 0.015760
6 5 0.013726
1 -2 0.056940
3 -6 0.001017
-2 2 -0.088968
-6 8 -0.041942
2 0 0.014489
10 3 -0.071683
-2 5 -0.033808
-4 9 -0.098882
0 3 -0.061769
-3 -9 0.031774
3 -3 0.007372
0 6 0.033808
-1 -2 0.012456
0 1 0.122522
-1 -1 0.076258
-4 11 0.089985
-5 0 0.016523
-8 4 0.014489
-2 4 0.031012
8 -1 -0.038383
6 1 -0.054906
1 1 -0.041942
-6 11 -0.016523
8 5 -0.028470
-5 -10 0.001525
3 3 -0.022115
0 3 0.008897
-3 -1 0.037112
6 2 -0.007880
4 7 0.020081
0 -1 0.004575
-1 -5 0.013472
1 -8 -0.011947
0 -1 0.000000
-1 -2 0.026945
-6 -3 0.028724
-2 5 0.000763
3 2 0.004321
1 0 -0.001525
5 -1 -0.018810
-7 -2 -0.020081
-1 1 -0.036096
-3 10 0.011439
-1 3 -0.006609
5 2 0.010930
0 1 -0.028470
8 0 0.000254
3 2 0.013218
7 -5 0.004321
-4 -5 -0.010168
-6 3 0.013726
2 3 0.014743
5 -4 -0.010676
-5 3 -0.014235
-2 0 -0.003559
-2 2 0.005338
4 -5 -0.004067
-5 1 0.005592
0 3 -0.006609
4 -8 0.000254
3 5 0.000000
3 4 0.000000
-3 4 0.000000
R0 16.125000

HEART_RATE 333
correla√ß√£o 0.019846
Temperature 33.500000

0 -2 1.000000
-5 -5 -0.116279
3 5 0.104651
-3 5 -0.057171
4 2 -0.019380
4 6 -0.120640
2 1 -0.016957
-1 2 -0.162306
0 -6 0.180233
-1 -1 0.005814
-2 5 0.074612
-2 -5 -0.063469
4 -5 0.062500
-5 7 -0.030039
10 -13 0.044089
-1 -4 -0.055717
4 -2 -0.034884
0 5 -0.086725
14 5 0.048450
-3 -3 -0.024709
1 3 -0.049419
-1 0 0.072190
-1 5 -0.032946
0 1 0.048934
-5 -3 0.122093
1 -1 -0.031492
6 0 -0.113857
-1 -5 0.043120
0 -1 -0.121609
0 10 0.037791
-2 -1 0.007752
-12 -2 -0.027616
-2 1 0.075581
-6 9 0.071705
-3 3 -0.088178
5 -7 0.100291
5 4 -0.099322
5 1 0.001453
4 -2 0.010174
-6 -2 -0.050388
1 -5 0.027132
2 0 0.022771
1 3 -0.093992
-5 1 0.123547
-1 -8 -0.076066
4 -5 -0.032946
-3 2 0.008236
-3 -5 0.008721
0 -7 -0.010659
0 0 -0.034884
10 0 -0.034399
-3 0 0.038760
0 0 0.000484
5 0 0.079942
-2 2 -0.046512
2 -6 -0.082364
-7 -2 -0.024709
-6 0 -0.086240
7 0 -0.085756
4 -1 0.046027
-1 8 0.001453
2 -5 0.001938
-6 1 0.043120
0 3 -0.055233
-2 2 0.018895
-1 2 -0.034399
-2 -6 -0.066860
0 1 0.118217
-2 5 -0.015988
2 5 -0.080426
-3 1 0.042151
1 -2 0.012112
-1 4 0.035368
0 2 -0.059593
-5 0 0.056202
0 0 0.055233
-3 -5 0.028101
-3 2 0.007752
0 12 -0.048934
4 4 -0.056686
-4 -2 0.022287
-3 -3 -0.063953
0 1 0.010659
-2 9 0.001453
-4 4 0.043120
6 5 -0.069283
-1 5 0.012112
0 2 -0.103682
12 11 0.013566
0 -3 0.023740
1 8 0.023740
-5 -1 0.022287
-2 -4 0.070736
5 0 -0.028585
-2 -1 0.027132
-4 1 -0.017442
2 6 0.047965
-1 6 -0.056202
1 -10 0.063953
-3 -4 0.014050
5 0 0.061047
0 -8 -0.006298
0 -1 -0.000484
-3 5 0.015504
3 6 -0.043605
-3 2 0.010659
3 0 -0.065407
1 0 0.093992
-2 -1 -0.022287
0 -3 0.031008
4 2 -0.010174
-1 0 0.030523
11 -3 -0.013566
0 -7 0.053295
4 -1 -0.018411
0 -1 0.015019
-1 2 -0.023256
5 2 -0.004845
1 -6 -0.038760
2 -5 0.009690
-2 -3 -0.004360
3 7 0.036337
-5 5 -0.005329
-3 -10 0.032946
-5 1 -0.027616
9 0 0.000000
0 2 0.000000
4 -2 0.000000
R0 25.476562

HEART_RATE 333
correla√ß√£o 0.002411
Temperature 33.299999

-6 0 1.000000
3 3 0.400491
-4 3 0.301441
1 0 0.225391
3 -5 0.053665
5 3 0.023306
0 6 -0.147194
-4 -1 -0.227538
-4 5 -0.177246
-9 -2 -0.215885
-1 3 -0.171726
-3 0 -0.148114
2 0 -0.103343
0 14 0.008893
9 3 0.041705
5 10 -0.062557
0 3 0.147501
11 3 0.008280
1 2 -0.095063
-4 -3 -0.025146
5 -19 -0.078810
-2 -10 -0.003680
-2 -10 -0.033732
-8 -9 -0.090770
0 -4 -0.085250
0 -9 0.016253
4 0 0.055198
1 -7 0.058571
10 -1 0.099356
8 -6 0.090770
18 1 0.053665
10 0 -0.019626
5 0 -0.064704
18 2 0.069917
12 -1 -0.052438
-1 0 0.009813
-8 -2 -0.001227
-16 -1 0.022386
-6 3 0.051825
-9 0 0.000307
-6 4 -0.023919
0 0 -0.005826
-9 -1 -0.041092
-3 11 -0.025759
-5 4 -0.061331
-5 -6 -0.074210
0 3 -0.107022
0 3 -0.042318
1 7 -0.090463
-2 11 -0.030052
4 2 -0.035572
1 3 -0.064397
-4 1 -0.065931
-2 -2 -0.063171
2 -7 -0.048758
12 -1 -0.015333
0 1 -0.064704
-1 9 -0.029745
-1 2 0.039252
0 0 0.037718
2 5 -0.015639
1 7 0.079117
-4 9 0.071757
-1 0 0.140448
-5 1 0.113155
-2 2 0.050905
-2 -3 0.144434
0 -2 0.057344
-3 -2 0.026679
2 1 -0.076970
-4 3 -0.124195
-2 2 -0.001533
-1 1 -0.073597
-1 0 -0.118982
-4 8 -0.035879
-9 -1 -0.039558
2 -1 -0.027906
1 3 0.028826
-1 1 0.002760
0 -7 0.003987
-1 3 0.043545
3 1 -0.039865
1 4 0.008586
1 -7 -0.023612
-4 -4 0.003987
-2 3 -0.021159
-3 3 -0.064704
-1 8 0.057344
10 5 0.035265
1 -6 -0.029745
-4 5 0.058878
5 -6 0.018706
4 1 0.061024
2 9 0.058878
2 6 0.058571
-1 0 0.009506
3 -4 0.057651
3 3 -0.012573
0 11 -0.005826
3 -7 -0.026066
-3 5 -0.001227
-1 -2 0.015026
1 -1 -0.029132
-13 -1 0.030665
1 -1 0.023612
0 -1 0.000920
-4 -7 0.045998
1 6 0.015946
0 1 0.013799
0 8 -0.006746
4 -12 -0.009506
1 7 -0.032199
1 0 -0.011346
4 3 -0.017479
0 -3 -0.013493
-3 -2 0.007973
2 6 0.002453
-1 4 0.021466
6 -2 -0.016253
-3 -1 0.004293
5 1 -0.012879
5 -2 -0.005520
4 5 -0.006746
0 -2 0.004600
1 -4 -0.004600
-2 -8 0.000000
1 -3 0.000000
1 0 0.000000
R0 19.046875

HEART_RATE 333
correla√ß√£o -0.167826
Temperature 33.200001

0 8 1.000000
2 0 -0.024610
1 4 0.145611
0 0 0.203856
-2 5 0.030763
-4 3 0.088187
1 1 0.064807
6 -8 0.133306
0 0 0.068909
1 8 -0.099262
2 -5 -0.095980
-7 0 0.105414
-8 -3 -0.101313
-4 0 -0.050451
1 -5 0.195652
0 0 -0.121001
-8 -2 0.040607
2 0 -0.017637
1 5 -0.104594
-5 -1 0.083675
7 0 -0.057014
6 0 0.034044
-5 3 -0.070139
3 4 -0.076702
-2 5 0.013126
4 4 -0.114848
-2 2 -0.080394
3 2 0.066858
3 0 -0.045529
6 3 -0.074651
-7 2 -0.057014
2 1 -0.063577
2 6 0.016817
-6 7 -0.010254
6 -4 0.012715
1 6 0.060705
2 -4 -0.107465
1 -1 -0.071780
-3 -2 0.025021
1 -1 -0.073831
-3 -10 -0.056194
6 -4 0.004922
3 -11 -0.161198
8 0 -0.027071
0 0 -0.152994
1 1 -0.130845
2 4 0.037326
3 -3 -0.076292
7 1 -0.096801
0 14 0.060295
0 -11 -0.100902
7 7 -0.013536
2 5 0.028302
3 -2 0.018868
0 -5 0.129204
7 -6 0.025021
-3 5 0.077933
-2 -10 0.136177
2 -4 -0.064807
0 0 0.031993
0 -3 0.156276
5 0 0.077112
-2 6 0.063987
5 1 0.083675
0 1 0.018868
-6 4 0.036095
0 -4 0.030763
2 -7 0.047580
-8 8 0.155455
-5 4 -0.101313
3 -2 0.109926
-12 -1 0.015176
0 4 -0.036505
-17 3 0.086957
4 2 0.029943
2 0 0.041838
-8 4 -0.031993
1 1 0.047580
1 -2 -0.015587
-8 5 -0.026251
2 0 0.038966
1 8 0.025021
4 -5 0.013946
4 5 -0.057014
3 9 0.092289
1 0 -0.057834
-4 3 -0.023380
-1 -1 0.025431
5 7 0.027071
0 1 0.011895
1 5 -0.013946
6 -4 0.037736
-7 0 0.011075
1 0 -0.003281
0 0 0.068499
0 4 0.036916
-3 -1 -0.012715
3 3 -0.034044
5 9 0.003281
1 -3 -0.022149
-1 -2 -0.046760
0 5 -0.034865
5 -1 -0.046349
-1 -3 -0.082855
4 -3 -0.059065
-2 -1 0.007383
-4 6 0.012715
1 6 -0.013946
-2 0 0.019278
7 -8 -0.000820
-7 6 -0.022559
2 -1 0.007383
1 0 0.032814
9 1 0.017637
9 -1 -0.007383
7 8 0.000410
7 0 0.007383
-1 0 -0.006563
5 -5 -0.000820
4 -5 0.009844
0 -3 0.002051
0 -2 -0.001641
0 -2 -0.000410
1 -5 -0.003281
-5 6 0.000410
0 0 0.000000
1 0 0.000000
-1 4 0.000000
R0 198.078125

HEART_RATE 333
correla√ß√£o 0.698748
Temperature 33.200001

-16 -11 1.000000
-4 -14 0.864558
-12 -4 0.825866
-11 -14 0.775341
-8 -6 0.709908
-6 -11 0.658476
-13 -6 0.593989
-10 0 0.527057
-10 -3 0.449752
-9 0 0.374418
-9 8 0.292932
-7 8 0.243394
-7 2 0.200521
-4 -6 0.161829
-15 -29 0.105230
-1 -25 0.083655
-2 -17 0.035024
-6 -27 0.040428
-5 -25 0.020194
-10 -20 -0.003471
-9 -8 -0.001262
-2 -10 -0.041808
-2 -5 -0.068904
2 -5 -0.080737
-2 -7 -0.095567
-7 0 -0.099708
-2 -6 -0.110239
0 2 -0.138361
27 -1 -0.167705
11 -2 -0.158160
9 -1 -0.156819
1 -4 -0.175357
-6 0 -0.165891
-6 -5 -0.185020
-12 0 -0.198509
-2 7 -0.210223
-8 0 -0.233336
-10 1 -0.246707
-9 12 -0.259920
-13 3 -0.264731
-5 1 -0.259288
0 2 -0.274355
3 0 -0.283466
3 0 -0.285399
2 7 -0.298099
-3 7 -0.279601
-4 6 -0.261497
8 9 -0.246194
10 10 -0.221425
4 1 -0.183482
11 8 -0.160724
5 13 -0.140688
7 2 -0.122505
12 7 -0.090479
1 12 -0.090321
7 12 -0.073756
-3 2 -0.065946
2 4 -0.073677
7 10 -0.077739
3 17 -0.086732
6 24 -0.089611
12 13 -0.108937
10 5 -0.131892
5 10 -0.137414
8 16 -0.154256
1 24 -0.167114
1 17 -0.151455
6 21 -0.177566
18 23 -0.177723
5 21 -0.169401
18 18 -0.170151
15 18 -0.164313
4 23 -0.159344
15 9 -0.147077
10 22 -0.144869
11 23 -0.132918
24 20 -0.128737
30 22 -0.127909
32 29 -0.109411
40 29 -0.100339
29 30 -0.079199
42 32 -0.060424
39 23 -0.039954
38 24 -0.024533
34 16 -0.019918
38 5 -0.002800
23 5 0.027412
23 8 0.036838
26 0 0.044963
12 -9 0.063146
2 -4 0.071231
-4 -13 0.077779
-3 -7 0.073125
-10 -16 0.081250
-6 -25 0.079080
-21 -19 0.085785
-13 -19 0.078686
-15 -15 0.071705
-15 -20 0.090321
-13 -9 0.077108
-20 -13 0.085706
-9 -17 0.079435
-10 -1 0.084563
-7 -11 0.078015
-12 -18 0.074466
-12 -8 0.080145
-10 -4 0.080027
-12 -14 0.071389
-19 -20 0.071152
-15 -12 0.067524
-3 -10 0.059281
-7 -12 0.059517
-23 -11 0.058452
-13 -5 0.055889
-8 -12 0.046896
-13 -6 0.044529
-19 -13 0.042163
-12 -8 0.035340
-7 5 0.028990
-9 -4 0.028753
-10 9 0.022324
-10 -2 0.020076
-9 -10 0.016013
-7 -7 0.013844
-3 -1 0.007178
-14 -2 0.000000
-1 -9 0.000000
-6 0 0.000000
R0 -27596897.250000

HEART_RATE 68
correla√ß√£o 0.985332
Temperature 33.200001
red_rms 3396.806000
ir_rms 2440.806014
Z 1.897578
SPO2 94.309648

-402560 -324446 1.000000
-419778 -336596 -5.043894
-436976 -348745 -1.319427
-454188 -360902 -2.987075
-471395 -373048 -3.423230
-488592 -385205 3.321550
-505800 -397363 0.533053
-522983 -409512 -0.420908
-540179 -421669 2.618766
-557313 -433809 1.792105
-574447 -445942 -1.646338
-591143 -457832 -6.406892
-607438 -469057 4.758269
-623857 -480309 2.934858
-640550 -491778 2.601323
-657476 -503573 -0.131300
-673878 -514967 2.192147
-690730 -526772 -3.763684
-707204 -538302 1.400757
-723196 -549656 -1.818092
-740883 -562552 -8.668943
-761328 -577979 0.262091
-780256 -591488 6.844274
-797605 -603729 -2.613867
-812781 -614304 -2.858676
-826176 -622484 -2.790562
-841354 -632189 -0.289747
-852808 -638718 -1.310915
-853711 -634504 0.962566
-859121 -631043 1.694864
-327231 176693 2.583680
217347 728163 3.355756
748495 719984 3.988155
744560 712398 -3.568931
729920 700975 0.316173
977014 689281 -2.654394
960592 676966 6.318971
943508 664525 1.256302
926133 651994 0.384363
908695 639313 2.441662
891352 626679 -3.597156
874221 614451 -3.238544
857290 602389 -2.664056
840088 590032 -6.868881
822523 577421 -1.297988
805122 565097 -3.030114
787860 552838 1.223451
770710 540607 -6.883527
753534 528461 -0.710309
736333 516321 1.434173
719205 504231 -1.769300
702023 492051 -4.314841
684892 479962 -1.427036
667807 467824 -0.484278
650692 455708 -0.361776
633459 443464 1.274736
616175 431219 0.731600
598957 419049 -3.286954
581722 406882 -4.774736
564545 394792 -2.597799
547353 382639 0.728953
530184 370502 -0.955889
512972 358311 0.768496
495722 346123 0.962673
478530 333956 4.405764
461308 321769 1.271079
444152 309627 -4.878169
426949 297469 -0.761493
409721 285322 1.393284
392551 273168 -3.350857
375349 260984 3.143933
358176 248836 -1.093938
340953 236617 2.080883
323764 224458 1.639943
306556 212266 1.144728
289376 200120 -3.123216
272206 187974 3.354404
254998 175822 1.033644
237810 163682 -4.091404
220558 151473 0.064815
203365 139325 0.040586
186135 127131 -1.806450
168903 114958 -3.123910
151693 102790 -4.020677
134407 90565 1.471856
117179 78382 -2.565860
99895 66188 0.864077
82716 54062 -2.867307
65522 41935 -1.724483
48304 29783 -4.337149
31152 17661 1.351025
13985 5529 -0.538265
-3195 -6613 -0.309369
-20364 -18744 0.858190
-37576 -30890 -1.743327
-54732 -43041 0.452330
-71964 -55232 1.969151
-89180 -67393 1.060541
-106351 -79539 0.251400
-123589 -91688 2.380257
-140732 -103821 -0.766823
-157969 -115980 1.294666
-175174 -128172 -0.584207
-192367 -140324 1.391903
-209601 -152516 2.598587
-226840 -164701 -0.986455
-244092 -176879 -1.308657
-261293 -189065 -2.377246
-278515 -201244 -0.909959
-295749 -213443 3.482093
-312931 -225584 -1.146003
-330116 -237740 -1.588267
-347300 -249882 0.792998
-364482 -262032 -1.300255
-381716 -274198 -0.745129
-398893 -286335 -1.224833
-416128 -298538 -1.562854
-433343 -310734 -0.594964
-450564 -322921 0.310579
-467783 -335094 -0.220019
-484984 -347235 0.161246
-502207 -359408 1.357960
-519379 -371557 -0.356553
-536571 -383701 -1.428410
-553813 -395882 0.494609
-571027 -408024 0.000000
-588260 -420199 0.000000
-605437 -432293 0.000000
R0 4197.578125

HEART_RATE 136
correla√ß√£o 0.760578
Temperature 33.200001
red_rms 121.222935
ir_rms 64.784257
Z 2.583874
SPO2 128.418543

-127 25 1.000000
-101 28 0.918113
-65 59 0.857701
-75 60 0.792062
-1 126 0.722295
7 122 0.664663
12 144 0.609918
42 157 0.567448
25 144 0.526023
70 183 0.489767
51 162 0.454898
41 157 0.412865
-54 271 0.375626
43 132 0.292842
85 181 0.225562
85 177 0.173284
71 147 0.117609
98 176 0.065968
70 139 0.027667
70 124 -0.020594
66 94 -0.054473
75 97 -0.094858
81 74 -0.131223
75 68 -0.157327
65 60 -0.173128
65 63 -0.185021
59 54 -0.206362
58 46 -0.222018
55 50 -0.228832
67 49 -0.233183
51 36 -0.227533
60 25 -0.235284
60 21 -0.232314
62 0 -0.228337
78 12 -0.232011
67 -4 -0.212472
30 -23 -0.194699
12 -26 -0.179763
0 -45 -0.169104
13 -44 -0.169406
5 -76 -0.174435
12 -66 -0.182389
14 -75 -0.192689
5 -101 -0.205548
19 -77 -0.213948
24 -92 -0.203158
32 -69 -0.197132
19 -126 -0.192164
-24 -190 -0.184848
-50 -235 -0.188745
-81 -294 -0.194872
-116 -290 -0.212751
-96 -262 -0.246774
-103 -227 -0.263117
-81 -189 -0.290195
-56 -167 -0.304649
-57 -155 -0.313721
-57 -168 -0.317354
-71 -148 -0.318256
-56 -127 -0.325863
-51 -126 -0.331147
-56 -121 -0.332904
-51 -100 -0.336344
-53 -116 -0.331949
-34 -92 -0.335886
-50 -115 -0.329256
-34 -94 -0.322651
-31 -102 -0.312085
-23 -104 -0.295904
-38 -77 -0.286676
-39 -90 -0.271680
-47 -95 -0.249294
-42 -95 -0.242724
-45 -95 -0.229734
-41 -71 -0.205038
-26 -80 -0.168302
-26 -69 -0.134827
-10 -56 -0.095114
-7 -77 -0.054503
-13 -72 -0.018534
-18 -88 0.010272
-21 -89 0.035789
-26 -64 0.055034
-69 -106 0.087402
-72 -100 0.110495
-55 -106 0.132660
-88 -126 0.170787
-118 -117 0.196948
-106 -102 0.220313
-122 -89 0.234730
-118 -89 0.246716
-125 -101 0.258378
-95 -71 0.257470
-89 -88 0.256303
-82 -77 0.245702
-66 -62 0.243902
-74 -53 0.239238
-46 -34 0.231655
-54 -35 0.226665
-53 -15 0.216280
-42 4 0.201943
-29 17 0.191701
-8 30 0.174893
-4 27 0.162901
-2 57 0.155073
19 59 0.133287
28 59 0.119232
27 87 0.102877
54 91 0.084091
42 91 0.065974
76 116 0.043204
67 130 0.028143
83 131 0.007962
88 150 -0.000011
76 139 -0.011936
100 160 -0.020142
62 136 0.001294
73 154 -0.010238
80 160 -0.019174
52 148 -0.033926
78 149 -0.046928
80 158 -0.060029
96 169 -0.067193
97 182 -0.069296
106 180 -0.071464
105 179 0.000000
97 174 0.000000
107 175 0.000000
R0 1493.906250

HEART_RATE 136
correla√ß√£o 0.914727
Temperature 34.099998
red_rms 45.486262
ir_rms 38.639358
Z 1.625944
SPO2 80.809433

46 61 1.000000
60 42 0.924741
44 27 0.885985
42 33 0.855318
18 13 0.808435
37 27 0.793766
19 20 0.750805
30 38 0.711448
44 34 0.670673
4 18 0.616709
13 50 0.598133
8 35 0.555392
15 39 0.529903
32 49 0.502500
44 67 0.466379
58 89 0.442490
58 96 0.404660
47 81 0.369836
65 86 0.335687
45 68 0.296224
50 68 0.265898
52 72 0.226660
52 60 0.188783
32 66 0.152662
31 47 0.106589
22 17 0.077246
22 29 0.043259
13 3 -0.000445
0 -13 -0.037376
-5 7 -0.069004
1 -25 -0.092276
-7 -5 -0.120573
-19 -28 -0.156056
-20 -22 -0.185514
0 -3 -0.218962
-9 -18 -0.254623
-12 -12 -0.273172
4 -11 -0.301548
-8 -25 -0.335969
-14 -15 -0.356767
-12 -25 -0.380264
-21 -19 -0.396909
-12 -33 -0.410464
-10 -41 -0.440273
4 -28 -0.454163
-12 -35 -0.476043
-14 -53 -0.491094
0 -48 -0.503990
-10 -43 -0.533475
-22 -50 -0.547751
-25 -47 -0.557740
-46 -48 -0.563006
-19 -44 -0.554456
-34 -58 -0.562012
-39 -52 -0.552991
-28 -56 -0.541868
-42 -46 -0.526279
-32 -37 -0.510810
-41 -58 -0.513738
-39 -39 -0.489415
-30 -49 -0.481116
-59 -56 -0.464564
-36 -51 -0.429892
-57 -58 -0.417890
-49 -50 -0.397777
-53 -64 -0.383548
-88 -69 -0.363796
-59 -65 -0.328632
-59 -76 -0.316301
-65 -62 -0.289190
-59 -63 -0.266243
-68 -70 -0.241559
-82 -36 -0.207640
-78 -71 -0.181158
-68 -44 -0.147139
-66 -61 -0.126117
-66 -50 -0.108064
-53 -15 -0.075505
-58 -44 -0.057531
-38 -30 -0.038505
-41 -21 -0.025254
-46 -41 -0.022048
-43 -41 -0.004482
-42 -44 0.008545
-39 -31 0.009973
-25 -33 0.021232
-33 -39 0.032178
-30 -33 0.050371
-3 -27 0.061108
-7 -20 0.072247
10 -12 0.078459
4 -20 0.078156
-2 -4 0.093060
11 6 0.106940
21 3 0.110742
24 5 0.123951
22 8 0.134568
14 17 0.145267
17 7 0.152808
25 29 0.168094
31 12 0.179474
24 14 0.184782
24 19 0.186848
22 0 0.190681
27 14 0.185509
18 3 0.186884
10 6 0.178428
18 26 0.168256
29 8 0.161468
26 25 0.149723
27 22 0.132099
23 17 0.125285
9 39 0.113090
24 44 0.102421
21 43 0.090179
26 47 0.081921
28 42 0.085038
31 52 0.086047
32 49 0.093892
51 51 0.102123
51 44 0.086539
59 31 0.078072
43 42 0.071990
49 66 0.064073
53 69 0.063832
49 83 0.000000
75 103 0.000000
84 117 0.000000
R0 204815.750000

HEART_RATE 75
correla√ß√£o 0.577130
Temperature 33.900002

368 -247 1.000000
388 -236 0.900712
420 -218 0.692495
455 -208 0.483955
434 -210 0.308198
390 -207 0.162041
379 -209 0.049283
389 -177 -0.035718
405 -153 -0.113118
468 -99 -0.184958
513 -60 -0.234999
508 -58 -0.253389
475 -23 -0.244300
485 5 -0.220789
467 16 -0.187906
439 77 -0.131025
435 144 -0.036073
458 183 0.089269
434 205 0.229496
416 205 0.360386
375 226 0.431571
409 254 0.390853
362 285 0.251726
-266 95 0.090252
-965 -133 -0.038139
-1145 -192 -0.128344
-1053 -133 -0.195547
-971 -121 -0.248574
-810 -71 -0.292776
-592 6 -0.331107
-485 47 -0.356461
-478 36 -0.359098
-428 43 -0.339622
-314 99 -0.305451
-170 124 -0.259744
-55 162 -0.197774
36 202 -0.111513
91 211 0.000130
154 236 0.127877
244 243 0.256950
276 260 0.355849
305 272 0.378557
-188 91 0.311391
-756 -119 0.204545
-797 -124 0.107843
-665 -85 0.031489
-588 -60 -0.032134
-483 -39 -0.082026
-277 20 -0.122680
-187 33 -0.161753
-248 6 -0.195360
-226 9 -0.212163
-129 25 -0.210261
-42 59 -0.195556
76 66 -0.173829
154 106 -0.145276
202 122 -0.101193
293 126 -0.034376
327 127 0.049890
374 147 0.144024
430 159 0.234027
484 192 0.285620
441 158 0.259208
-196 -73 0.169729
-726 -260 0.075468
-692 -257 0.004779
-597 -216 -0.046955
-566 -208 -0.087710
-497 -173 -0.118595
-310 -124 -0.146764
-250 -87 -0.177417
-271 -95 -0.201933
-270 -82 -0.213398
-177 -47 -0.213340
-77 -9 -0.207772
27 10 -0.198047
109 44 -0.178130
173 78 -0.141567
227 100 -0.088787
275 122 -0.025286
318 132 0.036082
380 146 0.072793
432 190 0.065920
328 166 0.019495
-372 -89 -0.038505
-836 -245 -0.079236
-834 -245 -0.097723
-734 -189 -0.102664
-681 -191 -0.106866
-536 -144 -0.113161
-344 -75 -0.120845
-256 -36 -0.124854
-266 -65 -0.120974
-225 -45 -0.110931
-134 -18 -0.098873
-11 1 -0.083851
102 40 -0.059955
203 51 -0.024398
269 79 0.019871
343 87 0.068293
432 103 0.112366
501 114 0.135482
583 154 0.126041
551 141 0.095582
-1 -61 0.068853
-504 -230 0.062663
-490 -222 0.071198
-301 -173 0.078415
-203 -141 0.081474
-64 -78 0.083764
82 -19 0.083899
80 -5 0.081223
44 -24 0.077638
81 -23 0.074034
185 8 0.069080
280 31 0.063083
373 72 0.057812
458 88 0.053881
536 118 0.049515
587 122 0.043244
641 141 0.034140
713 157 0.022247
769 177 0.008955
794 183 -0.003434
373 20 -0.014106
-357 -246 0.000000
-468 -289 0.000000
-378 -256 0.000000
R0 216059780.445312

HEART_RATE 25
correla√ß√£o 0.962853
Temperature 34.400002
red_rms 1552.862840
ir_rms 3838.383514
Z 0.525062
SPO2 26.095563

-631592 -487825 1.000000
-610156 -472752 -0.575549
-588617 -457644 0.219666
-567123 -442562 0.945520
-545801 -427507 -0.090468
-524428 -412470 0.161651
-502996 -397406 -0.207524
-481544 -382337 0.846796
-460088 -367250 -0.060884
-438624 -352171 0.258553
-417189 -337107 -0.593401
-395768 -322023 0.665423
-374368 -306983 0.014185
-352955 -291901 0.422426
-331544 -276859 -0.397338
-310114 -261776 -1.076196
-288771 -246730 0.589548
-267972 -231914 0.144687
-247230 -217081 0.388384
-225908 -202043 0.355567
-204394 -186938 0.583336
-182963 -171885 -0.103817
-161533 -156821 0.374608
-139955 -141686 -0.108188
-118506 -126619 0.034347
-97165 -111576 -0.126306
-75805 -96545 0.521780
-54368 -81466 0.470229
-32909 -66392 0.521961
-11440 -51328 -0.239628
10016 -36246 -0.092215
31436 -21170 -0.097224
52838 -6119 -0.214051
74264 8947 0.199055
95673 23997 -0.253271
117069 39038 0.306898
138483 54113 -0.125121
159794 69133 0.016445
180556 83950 -0.030855
201414 98844 -0.102153
222839 113906 -0.641214
244372 129029 0.395918
265804 144103 0.232830
287297 159191 -0.497677
308774 174286 0.212170
330142 189337 0.130946
351468 204356 0.360552
372862 219434 0.217267
394315 234501 0.378590
415766 249564 0.548710
437171 264617 0.117622
458574 279689 -0.589508
479963 294752 -0.309411
501348 309789 -0.234471
522719 324846 -0.035191
544066 339891 -0.181905
565331 354902 -0.822545
586231 369817 -0.235285
606599 384542 -0.678680
627261 399343 0.667735
647958 414148 -0.392126
668334 428825 0.027547
688242 443334 0.219890
707324 457554 -0.820913
726549 471655 0.045151
743572 484386 -0.445610
488235 490032 -0.016188
239181 516731 0.066182
-24616 511983 0.077729
-517 266381 0.099890
855667 1103839 0.050186
891480 1120359 -0.440998
912218 1131577 0.109830
932089 1143305 0.289732
952967 1157491 0.406728
974861 1174827 0.034745
996429 1191612 0.300686
1015858 1203563 -0.495444
1037007 1215771 -0.060845
1057728 967697 0.258545
1078001 982267 -0.146852
1098360 999219 -0.332563
25467 203343 -0.283664
-823573 -656027 -0.177912
-816387 -656801 -0.064804
-796906 -643801 -0.107409
-775996 -629273 -0.320340
-754860 -614480 0.432134
-733611 -599488 0.153074
-712254 -584453 -0.362357
-690903 -569410 -0.321114
-669547 -554372 0.292352
-648193 -539336 -0.367039
-626845 -524291 0.202400
-605490 -509254 -0.157242
-584123 -494212 0.279091
-562775 -479174 0.130576
-541415 -464119 -0.276185
-520067 -449086 0.473406
-498710 -434055 0.376844
-477351 -419013 -0.083132
-456000 -403961 0.041868
-434645 -388932 0.146927
-413286 -373889 -0.062250
-391922 -358847 0.207351
-370561 -343808 0.351594
-349204 -328762 -0.233665
-327853 -313725 -0.134787
-306492 -298687 -0.267168
-285137 -283644 0.318145
-263789 -268608 -0.071528
-242442 -253563 -0.024703
-221084 -238517 0.008952
-199727 -223475 -0.107179
-178364 -208458 -0.200956
-157011 -193408 0.054833
-135651 -178372 0.210594
-114293 -163328 -0.027633
-92946 -148282 -0.177371
-71581 -133236 0.088327
-50237 -118204 0.010051
-28874 -103156 0.225057
-7521 -88120 -0.026172
13839 -73087 0.049120
35190 -58024 0.001483
56539 -43000 0.000000
77907 -27956 0.000000
99259 -12900 0.000000
R0 116846011.679688

HEART_RATE 68
correla√ß√£o 0.948497
Temperature 34.099998
red_rms nan
ir_rms 4022.774540
Z nan
SPO2 nan

372335 293290 1.000000
352896 276826 0.345287
333460 260352 1.461829
314009 243882 1.902432
294576 227433 -3.163061
275136 210942 -0.519794
255700 194465 0.068152
236254 177998 -0.317389
216812 161534 -0.370200
197388 145074 0.222476
177937 128618 0.181811
158501 112148 0.764279
139051 95681 0.035033
119614 79210 0.853583
100175 62758 -1.070494
80739 46290 -0.743307
61304 29820 0.841108
41861 13350 -0.316623
22422 -3106 0.131440
2985 -19579 -0.893797
-16458 -36038 -0.704447
-35908 -52514 0.790831
-55353 -68975 1.891364
-74806 -85439 -0.279146
-94229 -101911 -0.717280
-113681 -118372 0.588339
-133121 -134843 1.491673
-152555 -151313 -0.267496
-171997 -167774 -0.011375
-191434 -184248 -1.267882
-210873 -200707 -0.862174
-230328 -217173 0.141664
-249762 -233639 -1.386342
-269207 -250116 -0.311987
-288641 -266568 -0.563331
-308081 -283025 -0.221546
-327525 -299489 0.216313
-346969 -315960 -0.073658
-366408 -332427 -0.464641
-385853 -348886 -1.549501
-405299 -365345 0.775652
-424717 -381771 0.523259
-444024 -398106 0.062786
-463000 -414189 0.611507
-482017 -430285 1.188983
-501558 -446835 -0.155443
-520868 -463194 -0.368381
-540534 -479853 0.870458
-560058 -496401 -1.135114
-579213 -512621 -0.563536
-598336 -528860 -0.836732
-616744 -544502 0.649899
-632978 -558228 1.316493
-644199 -567126 1.132360
-654670 -574948 0.290118
-653319 -569816 1.071147
-128144 -37567 0.305410
-134875 222488 0.622821
389428 490238 0.033148
382719 483190 -0.452438
631226 466792 0.264146
611669 450533 0.486605
591260 697099 -0.002068
288665 671584 -1.018884
-842595 -729655 -0.237798
-863610 -747502 -0.678887
-591786 -201354 1.053847
491944 615633 -0.475720
760281 605938 -0.494457
745505 590957 -0.087015
727730 574364 -0.275868
708791 557497 0.743838
689388 540686 -0.263469
669951 523981 -0.427378
650563 507358 -0.047683
631069 490723 -0.244358
611600 474176 -0.981260
592113 457694 0.189864
572494 441271 -0.670592
552128 424663 0.216310
532239 408445 -0.837337
-32488 655454 -0.074169
-631717 -193152 1.013827
-371520 72327 0.320919
441882 341241 -0.619482
424564 325191 0.579313
402506 307086 -0.077376
377080 287195 0.149943
357196 269583 0.806914
342449 255469 0.059027
330029 241651 0.381532
314044 226462 1.158663
295198 210249 -0.371614
274954 193273 -0.667614
251010 174976 -1.104424
216329 160904 -0.410124
-81176 141218 -0.281982
-78624 123043 0.465732
171954 109511 -0.183372
153998 93083 0.172242
137303 76737 0.200273
119040 59930 0.178331
100233 43106 -0.405363
81158 26364 0.210343
61942 9562 0.047063
42683 -7083 -0.293149
23403 -23603 0.652438
4087 -40119 0.037529
-15237 -56589 -0.388724
-34602 -73127 0.260322
-54009 -89679 0.287693
-73444 -106235 0.006877
-92900 -122813 0.305444
-112470 -139394 0.347488
-132008 -155970 0.161305
-151525 -172520 -0.228430
-171077 -189047 0.064576
-190609 -205585 -0.368884
-210127 -222097 -0.068447
-229637 -238593 -0.157363
-249161 -255090 -0.324020
-268803 -271647 0.032109
-288324 -288207 -0.209069
-307664 -304681 0.123217
-326959 -321093 -0.386139
-346337 -337536 0.000000
-365699 -353960 0.000000
-385041 -370388 0.000000
R0 3387.414062

HEART_RATE 333
correla√ß√£o 0.553706
Temperature 34.000000

47 40 1.000000
66 41 0.914986
75 56 0.748649
73 61 0.570162
77 70 0.414618
91 80 0.296260
95 87 0.211147
95 92 0.148470
112 105 0.090461
122 103 0.034154
117 101 -0.015886
85 78 -0.064215
37 53 -0.107307
-9 43 -0.133075
-6 35 -0.131719
-6 21 -0.092756
-15 20 -0.017367
-12 19 0.082694
-3 22 0.187055
-8 10 0.263487
-21 17 0.283324
-11 27 0.233961
0 28 0.149630
-17 14 0.069886
-22 16 0.012378
-23 14 -0.016126
-11 -1 -0.025985
-18 4 -0.030476
10 7 -0.038241
37 11 -0.050931
21 -2 -0.060806
-24 -37 -0.074732
-48 -21 -0.089045
-41 -19 -0.100741
-30 -30 -0.105445
-23 -35 -0.092286
-24 -34 -0.056678
-6 -60 -0.006488
-18 -91 0.031652
-37 -92 0.038848
-50 -80 -0.000796
-62 -84 -0.077430
-49 -81 -0.175267
-42 -86 -0.267837
-45 -75 -0.328532
-56 -62 -0.363459
-40 -59 -0.377883
-29 -36 -0.380884
-29 -35 -0.382263
-31 -50 -0.379078
-88 -72 -0.356303
-132 -78 -0.321445
-129 -63 -0.283619
-110 -64 -0.243586
-97 -64 -0.197053
-76 -58 -0.137709
-56 -61 -0.067693
-46 -50 0.012832
-58 -58 0.075911
-27 -61 0.105791
-16 -58 0.090627
-10 -52 0.042151
-7 -41 -0.016195
16 -20 -0.068357
15 -30 -0.105519
17 -13 -0.123573
20 -7 -0.124941
25 0 -0.121267
18 10 -0.127259
10 -1 -0.134893
-31 -14 -0.129337
-88 -31 -0.121320
-79 -6 -0.116647
-60 -9 -0.112683
-46 -7 -0.100593
-39 4 -0.075894
-26 7 -0.036977
-16 10 0.007535
-22 18 0.034247
-8 16 0.026834
-11 26 -0.004975
-15 20 -0.043348
-13 24 -0.065807
7 27 -0.066635
9 28 -0.051535
41 25 -0.020971
34 30 0.010789
36 38 0.038959
45 26 0.056219
23 14 0.070703
-19 10 0.089310
-41 -4 0.109110
-37 23 0.130471
-5 10 0.148629
18 13 0.166886
26 1 0.186691
57 -31 0.205386
77 -65 0.207574
64 -65 0.182196
75 -64 0.131918
84 -48 0.067981
78 -12 0.003227
71 6 -0.051749
52 1 -0.085237
74 10 -0.100067
88 19 -0.107653
94 15 -0.117600
89 16 -0.124828
71 33 -0.124528
19 30 -0.117245
-68 27 -0.098017
-132 35 -0.064919
-166 26 -0.024346
-149 0 0.016474
-83 -8 0.054651
-36 23 0.085752
-5 37 0.101931
-8 47 0.104830
-21 3 0.100877
2 -8 0.095055
31 -3 0.086561
42 34 0.077117
52 79 0.065661
43 73 0.053678
57 59 0.044727
65 44 0.000000
80 61 0.000000
88 82 0.000000
R0 326009901.156250

HEART_RATE 136
correla√ß√£o 0.921063
Temperature 34.400002
red_rms 2146.082710
ir_rms nan
Z nan
SPO2 nan

-34600 -24579 1.000000
-33540 -23816 0.918012
-32467 -23010 0.802122
-31348 -22161 1.003994
-30252 -21327 0.793212
-29215 -20543 0.919071
-28191 -19821 0.634867
-27172 -19075 0.527158
-26144 -18336 0.637375
-25071 -17607 0.478231
-23993 -16861 0.538060
-22953 -16126 0.497024
-21865 -15376 0.256354
-20741 -14624 0.327293
-19626 -13847 0.190791
-18481 -13069 0.153958
-17343 -12284 0.120767
-16193 -11518 0.097036
-15067 -10760 0.310372
-13940 -9990 0.259821
-12810 -9211 0.265568
-11706 -8447 0.319178
-10609 -7674 0.076314
-9495 -6931 0.189323
-8390 -6165 0.180409
-7246 -5398 0.281449
-6090 -4647 0.156634
-4913 -3871 0.029962
-3764 -3106 0.109805
-2651 -2343 -0.015009
-1470 -1576 0.065854
-324 -824 0.148087
762 -68 0.026998
1881 702 0.113698
2995 1450 0.202056
4082 2207 0.189150
5186 2960 0.280162
6282 3713 0.268498
7365 4462 0.360143
8462 5219 0.246983
9557 5978 0.341215
10610 6728 0.334512
11674 7474 0.226409
12799 8248 0.221840
13946 9010 0.217578
15064 9770 0.317729
16187 10546 0.317555
17305 11312 0.010629
18410 12065 -0.088969
19524 12815 -0.083752
20619 13582 -0.282932
21721 14343 -0.274707
22820 15112 -0.264522
23934 15855 -0.561987
25045 16621 -0.549442
26165 17396 -0.535745
27271 18160 -0.520586
28368 18904 -0.606575
29495 19671 -0.587625
30583 20425 -0.669459
31698 21182 -0.543392
32811 21946 -0.620747
33857 22698 -0.592999
34923 23445 -0.666881
36047 24204 -0.535058
37144 24973 -0.609206
38232 25722 -0.476099
39318 26480 -0.546557
40389 27218 -0.717742
41465 27969 -0.783802
42551 28717 -0.641641
43654 29486 -0.599966
44756 30247 -0.658791
45863 31004 -0.509262
46960 31766 -0.562835
48052 32515 -0.407251
49105 33263 -0.350805
50197 34024 -0.394266
51325 34793 -0.332624
52412 35546 -0.473630
53498 36311 -0.508689
54603 37054 -0.439688
55689 37818 -0.472553
56766 38569 -0.504481
57842 39323 -0.535021
58943 40087 -0.666141
60062 40860 -0.588530
61174 41620 -0.713485
62262 42374 -0.732446
63365 43143 -0.645348
64462 43899 -0.452053
65538 44665 -0.462202
66658 45447 -0.264440
67985 46298 -0.167952
69313 47179 -0.276391
70566 48019 -0.177981
71814 48835 -0.078148
73235 49720 -0.181889
74781 50713 -0.283700
75883 51616 -0.383911
77176 52558 -0.378927
78030 53319 -0.472832
77888 53134 -0.561714
70298 46980 -0.646326
-483665 -227252 -0.219987
-1041460 -505398 -0.163197
-1315814 -783595 -0.081443
-753014 -221518 0.047852
-191704 -209008 0.109763
-187127 -206830 0.117669
78277 -206035 0.330617
82070 -204580 0.354071
84709 58802 0.382969
86476 59689 0.416395
88066 60575 0.453687
89490 61411 0.494667
90838 62245 0.436332
92160 63060 0.381489
93428 63878 0.330035
94655 64652 0.282048
95863 65450 0.237513
97062 66230 0.196333
98222 67013 0.158511
99393 67796 0.124058
100533 68601 0.093046
101038 69271 0.000000
101379 70060 0.000000
100115 69104 0.000000
R0 -25838957.882812

HEART_RATE 38
correla√ß√£o 0.987529
Temperature 34.000000
red_rms nan
ir_rms 2777.674207
Z nan
SPO2 nan

-649697 -348636 1.000000
-1734993 -1423648 1.779565
-1717138 -1410200 -4.806082
-863846 -300200 1.955734
-557097 -275978 1.236943
-532816 -258337 -0.891952
-250253 -243343 -0.413097
-230199 -227699 1.434373
-210545 -211854 0.402237
-191379 -195981 -2.036355
-172541 -180229 -7.130068
-153874 -164461 4.589392
-135293 -148698 -1.937631
-116771 -132906 4.358200
-98307 -117151 5.151309
-79944 -101455 4.156448
-61576 -85742 0.064800
-43196 -69990 -4.601941
-24853 -54284 4.116865
-6545 -38542 0.147387
11686 -22842 5.524239
29996 -7137 -8.402573
48359 8610 1.097464
66759 24360 6.624932
85128 40123 2.875108
103543 55897 1.427357
121932 71662 -0.393019
140321 87425 1.202146
158754 103231 -5.597621
177169 119017 -1.397545
195564 134783 2.036818
213998 150572 3.298818
232443 166360 -1.639852
250839 182154 -8.989820
269264 197941 9.715120
287700 213745 6.327229
306116 229515 -4.970327
324565 245334 4.271703
343012 261140 0.174272
361415 276944 9.925551
379760 292725 -2.894824
398157 308535 3.167635
416589 324342 4.601119
435010 340158 -2.583709
453421 355962 1.012060
471853 371756 0.990868
490299 387579 -0.161603
508729 403383 -2.545553
527159 419181 -2.350095
545546 434974 1.618548
564000 450795 5.393219
582512 466627 -0.310221
601005 482471 -2.790184
619391 498285 5.771373
637181 513903 -4.397661
655388 529726 5.453467
673643 545489 -7.760288
691528 561009 -1.189594
709367 576594 -0.561742
727233 592194 -2.308314
745280 607838 1.393068
763217 623477 0.399044
781153 639113 -5.767989
799368 654845 1.636461
817817 670661 1.730717
836162 686419 3.582888
854176 702065 8.615683
871763 717924 -1.318660
886602 732042 3.317796
350450 738634 0.767220
-760186 -637868 2.126020
-759316 -644170 -1.628483
-740956 -628437 -0.953192
-722510 -612565 0.538650
-704116 -596757 5.370548
-685818 -581101 1.835820
-667430 -565355 -3.737652
-649027 -549586 1.501331
-630635 -533810 0.567329
-612250 -518032 2.457897
-593859 -502248 1.883206
-575469 -486474 0.030616
-557070 -470697 0.693232
-538687 -454922 -0.123054
-520301 -439156 0.077357
-501902 -423372 -1.404662
-483511 -407605 -0.780641
-465111 -391817 -2.051957
-446718 -376056 5.076370
-428340 -360261 3.627558
-409937 -344484 -1.314433
-391548 -328699 -2.062467
-373148 -312928 -0.025676
-354748 -297137 -0.499067
-336361 -281368 1.619744
-317984 -265581 -1.566614
-299567 -249809 -2.374079
-281185 -234034 0.392976
-262798 -218266 1.441019
-244401 -202486 -0.628531
-226026 -186708 0.577233
-207631 -170934 -1.537166
-189245 -155157 -0.582305
-170846 -139360 2.038346
-152458 -123586 1.032485
-134073 -107803 0.195485
-115670 -92023 -0.582633
-97279 -76252 1.200561
-78899 -60468 2.852906
-60493 -44688 -3.516394
-42103 -28909 -1.138354
-23703 -13126 3.389976
-5319 2646 -0.420827
13061 18426 -0.979088
31454 34208 0.313032
49841 49984 -3.152803
68239 65761 0.206287
86618 81545 1.196203
105016 97316 -0.297727
123420 113099 -1.802483
141815 128904 -0.855052
160215 144675 1.099433
178607 160452 -1.278135
197006 176243 0.128466
215402 192003 0.344982
233784 207794 0.000000
252180 223575 0.000000
270574 239354 0.000000
R0 57.343750

HEART_RATE 333
correla√ß√£o 0.120173
Temperature 34.400002

-10 7 1.000000
7 4 0.644005
-1 17 0.558038
2 8 0.447684
7 11 0.332289
6 13 0.239510
6 16 0.180518
5 12 0.111035
9 10 0.037602
10 9 0.012807
14 8 -0.036649
6 13 -0.026567
1 7 -0.028883
7 -2 -0.016621
10 0 -0.016076
5 7 -0.025613
4 10 -0.050000
2 1 -0.060899
0 -1 -0.102316
-9 -6 -0.134060
0 7 -0.138011
11 0 -0.202997
-3 -12 -0.211308
-7 10 -0.259537
-9 11 -0.206131
-8 22 -0.209537
-6 24 -0.141962
0 12 -0.026839
0 7 -0.021798
0 5 0.023161
5 7 0.052861
-6 -4 0.182289
0 -6 0.139373
-7 -7 0.167302
-8 -7 0.198093
2 -8 0.110218
-6 -6 0.046049
1 -7 0.065804
1 4 0.004360
6 -17 -0.018937
3 -2 0.050681
21 -13 0.020708
16 -2 0.035014
20 -4 0.018120
14 -8 0.014850
13 -7 0.001771
2 -6 0.009537
6 -13 -0.038692
1 -13 -0.029428
-3 -21 -0.091417
-5 -30 -0.191553
0 -20 -0.196730
-2 -23 -0.255313
-2 -17 -0.271253
-2 -8 -0.275886
-2 -11 -0.308856
-9 -5 -0.298638
-2 0 -0.315668
-9 0 -0.211580
0 -8 -0.186512
-5 -4 -0.132561
-1 -7 -0.092098
1 -7 -0.111853
-6 -6 -0.150817
-12 -7 -0.127929
-19 2 -0.100409
-16 -11 -0.114986
-22 -2 -0.093052
-14 -6 -0.061989
-5 -6 -0.076567
-8 -1 -0.079428
-12 -6 -0.017166
0 -16 -0.052316
-6 3 0.005722
-4 -7 0.075068
4 2 0.125886
-1 6 0.141008
-2 3 0.152452
0 -1 0.167847
-5 5 0.173025
-7 2 0.173569
1 -17 0.109946
0 -2 0.115668
0 -6 0.066894
-5 0 -0.003951
-5 0 0.002180
2 -5 -0.011580
0 0 -0.051226
6 0 -0.040191
2 -2 -0.048229
2 8 -0.019210
2 0 0.001362
4 0 -0.026431
-6 -3 -0.032561
-7 6 -0.041689
-1 -5 -0.026567
8 -1 -0.059128
2 3 -0.054360
-10 5 -0.055858
-1 13 -0.055313
0 5 -0.036240
3 3 -0.033651
-5 17 0.032698
6 20 -0.011717
3 29 -0.002725
4 24 0.020300
4 15 0.045232
-1 16 0.073706
-6 0 0.090327
-6 -3 0.106540
0 -2 0.095232
-5 0 0.108038
5 2 0.102044
-1 -2 0.110218
-7 6 0.119346
3 8 0.081335
1 1 0.065940
3 -3 0.067847
15 -1 0.027248
6 6 0.040872
17 5 0.002316
13 2 0.000000
15 5 0.000409
21 13 -0.021117
6 -4 -0.003270
4 5 0.000000
-2 3 0.000000
3 -10 0.000000
R0 74.273438

HEART_RATE 333
correla√ß√£o 0.021421
Temperature 34.000000

0 -8 1.000000
3 -16 0.718734
0 -21 0.616914
3 -22 0.450405
1 -9 0.350899
10 1 0.198275
-8 -4 0.101189
-5 0 0.031661
-8 -4 -0.010098
9 3 -0.039339
-7 3 -0.048701
-2 13 -0.068581
7 2 -0.074051
7 -4 -0.100452
-4 2 -0.083517
-5 2 -0.094877
-9 3 -0.114652
-12 8 -0.129799
-18 2 -0.121489
-20 5 -0.162407
-15 0 -0.178816
-7 4 -0.195540
-4 5 -0.154518
-4 0 -0.168297
4 -3 -0.210687
0 -3 -0.226254
7 5 -0.217419
6 -5 -0.157989
3 4 -0.149153
-1 9 -0.088251
0 7 -0.056800
9 2 0.007679
9 0 0.044599
-4 1 0.086778
3 5 0.086252
0 2 0.061954
11 0 0.095509
7 -1 0.100873
3 7 0.073314
6 2 0.049227
-3 -2 0.032923
2 3 0.009677
3 1 -0.000210
-12 -3 0.013359
-5 -8 0.022720
-3 8 0.037656
4 5 0.015778
5 5 -0.039760
6 4 -0.075418
0 -1 -0.072473
1 2 -0.076260
0 2 -0.099400
-6 0 -0.143052
4 7 -0.148943
8 14 -0.135269
8 24 -0.128221
0 23 -0.099926
-4 18 -0.099821
0 27 -0.087409
0 4 -0.060797
1 6 -0.067740
0 -3 -0.067950
0 5 -0.118229
4 7 -0.132324
0 8 -0.147681
8 12 -0.143999
4 7 -0.110129
6 10 -0.050279
10 10 -0.012202
14 15 0.038708
21 9 0.071316
18 3 0.116441
27 0 0.113285
17 -7 0.169770
9 -10 0.179657
7 -9 0.150521
7 -15 0.185653
0 -22 0.192385
-1 -15 0.176502
-2 -20 0.134743
-5 -16 0.102030
5 -25 0.076365
8 -14 0.030293
11 -9 -0.012202
5 5 -0.039865
13 2 -0.047859
6 -6 -0.053750
2 -4 -0.045440
-11 3 -0.022825
-17 2 -0.015988
-12 7 -0.019144
-13 2 -0.027453
-11 0 -0.013885
-14 -4 -0.033659
-20 3 -0.022510
-22 -4 -0.034922
-28 -1 -0.014095
-18 -11 -0.019880
-10 8 0.001157
-6 9 0.004207
-6 5 0.032502
4 -3 0.010834
-1 -2 0.006522
10 8 0.018407
5 -1 -0.006206
12 9 -0.028190
3 -5 -0.006627
3 2 -0.010519
3 9 -0.010308
2 4 -0.013253
2 5 0.021563
-5 -1 -0.000421
6 0 0.014936
1 -5 -0.010834
-5 7 0.010413
10 -4 -0.013569
0 9 -0.000105
-4 -4 -0.010203
-4 3 0.002945
2 0 -0.000105
-8 8 0.003892
4 -4 0.000736
-1 -2 0.001578
4 0 0.000947
3 -13 0.000316
1 0 0.000000
0 3 0.000000
0 1 0.000000
R0 46.570312

HEART_RATE 333
correla√ß√£o -0.124407
Temperature 33.799999

2 -13 1.000000
-1 -12 0.579601
-7 -8 0.405972
3 5 0.267405
5 0 0.225130
5 -2 0.021641
4 -5 -0.045630
3 0 -0.000503
7 -3 0.066264
0 2 0.033719
-1 -2 0.001510
-1 8 0.066432
-3 3 0.033384
-8 1 0.012246
-12 1 -0.092770
-18 2 -0.096964
-20 2 -0.142594
-8 -7 -0.189398
9 0 -0.169435
-2 4 -0.154169
-4 4 -0.144439
4 -8 -0.164737
11 6 -0.197953
-5 -3 -0.187217
0 0 -0.217413
0 6 -0.193759
6 -11 -0.132193
-6 -6 -0.117933
4 11 -0.086898
5 3 -0.017950
7 1 0.030364
3 8 -0.016943
-1 -3 -0.044959
9 0 -0.006375
6 -5 0.029357
-6 5 0.015601
-4 5 0.038416
4 -3 0.077001
6 -1 0.138064
3 -3 0.134373
-5 -2 0.094615
-2 13 0.097131
-1 3 0.075826
-6 2 0.060393
3 -7 0.016440
0 1 0.003691
4 1 0.002852
7 4 -0.026002
1 10 -0.015937
-4 4 0.027009
-3 14 -0.000671
-8 12 -0.022144
-2 24 -0.087905
-4 21 -0.181345
-3 21 -0.217245
-1 11 -0.216071
6 2 -0.084550
7 5 -0.098641
-1 -4 -0.051501
4 0 -0.024325
5 -5 0.001678
4 1 -0.035061
-1 0 -0.037578
5 -7 -0.037410
-2 0 0.030029
2 -3 -0.018789
2 2 -0.043281
13 -8 0.008388
23 0 0.046133
22 -5 0.038584
20 12 -0.024157
8 3 0.010736
9 2 0.029357
-2 -1 0.007717
6 -7 -0.001845
-5 -20 0.099815
2 -11 0.113739
2 -10 0.127663
2 -18 0.106526
0 -11 0.201476
7 -7 0.137225
-4 3 0.074987
1 -3 0.039087
-2 -1 0.020466
-4 1 -0.028015
-5 0 -0.081865
0 0 -0.076329
0 2 -0.060560
-6 -1 -0.040765
1 -2 -0.039423
-4 2 -0.032042
-16 4 -0.024325
-16 1 0.007885
-14 -1 0.020131
-15 1 0.003523
-13 5 0.029861
-11 5 -0.023822
3 3 -0.016440
3 0 -0.027680
-2 1 -0.030700
0 10 -0.024660
10 4 -0.007717
-3 9 0.013085
3 6 0.004362
-6 12 -0.002013
3 -1 0.005200
4 0 0.006710
0 0 0.026506
1 3 0.043785
-2 7 0.012079
0 0 -0.024157
-1 2 -0.023150
4 1 -0.019628
5 -8 -0.002349
6 0 -0.008723
-2 -1 -0.004026
1 -4 0.000671
1 -2 -0.002684
-5 -7 0.000671
2 1 -0.006878
1 -1 0.011072
4 1 0.008220
-7 1 0.009227
0 -6 0.001510
-4 1 -0.011575
2 0 0.000000
8 3 0.000000
-1 17 0.000000
R0 98.617188

HEART_RATE 20
correla√ß√£o 0.052634
Temperature 33.599998

-2 17 1.000000
9 16 0.778024
-5 22 0.587499
1 7 0.396340
0 -2 0.211915
0 6 0.095302
-8 0 0.069001
-2 -3 0.056960
-7 -9 0.078032
0 0 0.104016
0 -1 0.117642
4 -3 0.050701
-3 3 0.004119
2 3 -0.022419
5 -7 -0.046027
14 3 -0.075259
14 4 -0.023845
21 1 -0.009586
17 17 -0.010299
16 11 0.019171
10 18 -0.007764
8 9 -0.105442
-1 2 -0.185455
4 -22 -0.263487
5 -25 -0.347699
0 -36 -0.339697
0 -27 -0.308088
4 -33 -0.263883
5 -13 -0.200269
0 -9 -0.135229
0 3 -0.093322
-2 6 -0.087618
-8 0 -0.036125
-10 -8 0.005625
4 0 0.035649
15 12 0.063456
9 0 0.070348
6 -10 0.044839
2 3 0.013309
-9 5 0.012834
-17 0 -0.051573
-40 -3 -0.098788
-45 3 -0.091341
-35 -2 -0.112652
-19 2 -0.104254
-2 0 -0.092688
-10 -6 -0.124138
-2 -1 -0.172384
-2 3 -0.204151
-2 -4 -0.231641
-2 6 -0.241464
-2 -1 -0.213420
-1 11 -0.147429
-1 5 -0.071615
0 -4 -0.024321
3 1 0.027965
6 -4 0.012913
5 0 -0.016716
1 3 -0.053711
-3 -3 -0.064961
3 -1 -0.061079
1 -4 -0.054900
-1 -1 -0.027806
1 7 -0.010932
0 -2 0.013705
0 0 0.058465
2 -3 0.064010
7 1 0.073279
5 0 0.081756
0 -6 0.110037
9 -1 0.131110
2 -4 0.185614
4 -6 0.238374
-1 0 0.305316
7 16 0.338271
-3 26 0.315297
-2 19 0.245821
5 21 0.144181
-6 14 0.077398
1 5 0.032560
4 7 -0.019171
0 3 -0.013547
2 3 0.007368
8 1 0.010219
7 4 0.035649
8 4 0.027093
7 4 -0.004357
0 14 -0.003803
4 -3 0.012596
12 0 0.006971
19 0 -0.008714
19 -7 -0.015606
24 0 -0.008793
22 6 -0.027252
10 9 -0.028757
7 -3 -0.037075
2 7 -0.063772
2 -3 -0.101006
2 -9 -0.097679
7 -15 -0.098313
10 -18 -0.092530
-3 -4 -0.063059
2 -13 -0.039689
1 -2 -0.030421
-1 -4 0.000871
13 6 -0.001268
1 -5 0.003961
-1 6 0.009586
-2 -1 0.023845
2 0 0.023370
0 3 0.012675
0 0 0.009506
0 6 0.010853
0 2 -0.002297
-14 -2 -0.004753
-18 2 0.001268
-14 0 -0.013467
-21 -5 -0.006258
-10 7 0.006575
5 3 -0.001268
-5 4 -0.002377
-5 1 0.004040
5 10 -0.002456
0 -3 0.002931
4 5 0.000317
-1 5 0.000000
-4 -5 0.000000
1 -7 0.000000
R0 59.781250

HEART_RATE 333
correla√ß√£o -0.093274
Temperature 33.299999

-2 3 1.000000
3 0 0.588082
3 0 0.495165
1 -5 0.302143
0 -11 0.220204
1 2 0.062075
6 2 -0.040904
2 -9 -0.050575
2 -1 0.020648
3 -6 -0.002222
4 0 0.021040
6 -10 -0.048615
11 2 0.044433
-2 1 -0.050183
-2 3 -0.052927
-4 0 -0.097099
-4 1 0.002352
2 -3 0.015029
0 -2 0.038421
8 -10 0.049137
-2 0 0.128855
2 -1 0.030711
-4 15 -0.027313
11 8 -0.210141
6 19 -0.179300
0 21 -0.242943
0 20 -0.169629
7 0 -0.153816
-2 10 -0.032410
3 4 0.047439
-4 1 0.038029
0 -3 -0.043126
0 1 0.021694
-4 -3 -0.080110
-10 -1 -0.083638
1 7 -0.135389
-2 -3 -0.044433
11 -1 -0.038944
18 7 -0.049137
19 0 -0.093962
16 -2 -0.009671
17 -6 -0.018035
5 -7 -0.056325
8 2 -0.124151
-6 0 -0.042995
-5 -4 -0.065081
-6 -10 0.002091
-2 -16 -0.027182
4 -25 -0.003136
-1 -16 -0.002091
-5 -22 -0.000392
-3 -11 -0.111082
0 0 -0.121145
1 0 -0.184396
-13 -5 -0.147804
-6 0 -0.195243
1 5 -0.076581
-3 1 -0.016466
-1 4 0.023785
3 6 -0.014245
-2 2 -0.034239
-10 7 -0.034501
-11 5 -0.043910
-16 11 -0.099190
-19 12 -0.101673
-19 1 -0.088735
-29 11 -0.028620
-3 11 -0.070308
-7 5 -0.042211
11 3 -0.030058
-3 1 0.048223
-1 10 -0.021694
1 -3 0.001568
-7 4 0.066127
-5 5 0.080110
-4 5 0.085468
-3 -3 0.128332
-2 -1 0.141401
-8 0 0.200209
0 -6 0.140355
-1 -2 0.115656
7 -2 0.044171
0 10 0.026660
-4 -11 -0.011239
0 3 -0.031103
3 3 -0.030580
-1 -11 -0.026660
-1 1 -0.002483
2 -9 -0.001176
18 -5 -0.008756
9 2 0.021432
5 0 0.033194
0 -1 0.032802
9 6 0.046654
7 0 0.032802
0 -5 0.019995
5 5 0.007972
16 7 0.001568
2 5 0.010978
7 8 -0.007972
-7 16 -0.020910
-6 23 -0.034370
-4 14 0.002875
-4 8 -0.015682
-9 -2 0.010063
-1 2 0.026398
-3 -4 0.034239
-5 3 0.051882
-4 -7 0.025876
0 -1 0.049007
-1 5 0.040643
0 2 0.036592
3 -2 0.016858
3 -1 0.019995
6 6 0.015682
9 -1 0.001830
19 1 -0.000131
15 2 -0.002352
14 -2 -0.008625
14 -3 -0.002744
-1 0 0.002875
11 5 -0.013330
2 -6 -0.006273
-2 -12 -0.002483
-9 -6 0.001568
1 -2 0.000000
1 -11 0.000000
-12 -7 0.000000
R0 69.429688

HEART_RATE 333
correla√ß√£o 0.091999
Temperature 33.299999

0 -1 1.000000
2 7 0.477777
14 -11 0.364803
8 -17 0.367616
-4 -5 0.314954
-2 -9 0.161809
4 -5 0.027568
-6 -2 0.042309
4 -3 0.067177
1 -3 0.021267
-10 2 0.016316
-9 11 0.080792
-8 -1 0.130078
-18 0 0.078429
-23 -4 0.117700
-9 2 0.084843
2 8 0.076741
-6 0 0.139755
-11 3 0.069315
-8 -3 -0.040959
26 3 -0.006639
-13 -4 -0.108135
-2 -1 -0.098571
-8 -10 -0.203218
0 0 -0.234162
-8 0 -0.115450
-10 0 -0.208957
-3 2 -0.167661
-4 4 -0.070215
-3 1 0.030156
2 1 0.008102
3 5 -0.020142
1 6 0.057500
7 -3 0.032857
12 2 -0.033757
0 0 -0.147181
5 0 -0.133566
6 4 -0.111736
2 -3 -0.254304
6 0 -0.209857
5 7 -0.133116
2 0 -0.104422
11 0 -0.085743
-7 -6 -0.093395
-4 11 -0.057275
12 6 0.011477
0 18 -0.069427
3 13 -0.107460
1 36 -0.169799
13 13 -0.143468
8 21 -0.136829
3 15 -0.205581
7 0 -0.189490
12 -1 -0.174074
1 -1 -0.122539
-2 0 -0.153258
7 -2 -0.105998
5 2 -0.052099
-1 3 -0.062788
4 2 0.033870
0 5 0.019017
14 -1 0.070665
22 8 0.140430
11 3 0.094970
16 1 0.077191
23 3 0.066164
15 -1 0.054912
6 4 -0.026331
0 3 -0.037020
1 -10 0.009565
2 -7 0.020929
-1 -15 0.007314
1 -22 0.062451
2 -22 0.108923
7 -19 0.156971
-3 -7 0.127039
3 -5 0.156971
0 -7 0.150219
1 4 0.078879
8 1 0.061888
-3 1 0.032857
5 -8 0.005289
6 -9 0.044672
0 -6 -0.056712
0 0 -0.034770
1 6 -0.091932
-8 0 -0.047260
-23 1 -0.053561
-27 0 -0.048498
-21 -9 -0.049736
-11 3 -0.021830
-9 -6 0.038146
-7 1 -0.023517
-3 -1 -0.014853
-1 -7 0.040621
-5 -4 0.016879
8 -3 0.003713
5 -5 -0.001575
1 5 0.008214
-1 0 0.021717
0 5 0.004613
1 -5 -0.015191
10 1 -0.006639
-3 -7 -0.015416
-4 2 0.034770
-7 5 0.011027
10 3 0.030832
0 -6 -0.004501
3 -1 0.011928
-1 -6 0.023405
-8 -1 -0.002813
7 -4 -0.008552
-3 -2 0.001125
-2 -3 -0.006414
4 1 -0.023855
0 0 -0.002701
-2 -1 0.003713
-2 -3 -0.014403
1 -6 0.001463
0 -10 -0.005626
-6 -11 -0.013503
1 12 -0.002701
-4 9 0.007427
-6 17 0.001800
8 20 0.006751
-2 14 0.000000
4 10 0.000000
1 1 0.000000
R0 74.820312

HEART_RATE 333
correla√ß√£o 0.024277
Temperature 33.000000

-5 4 1.000000
0 -3 0.624308
1 -2 0.570951
2 -8 0.373081
-5 0 0.140441
0 9 -0.003237
-5 -4 -0.136682
3 4 -0.231388
9 -3 -0.162055
1 0 -0.230866
11 0 -0.107027
14 -4 -0.007518
21 4 0.050851
11 -4 0.163830
16 6 0.165187
6 -2 0.142320
-2 4 0.152866
0 -6 0.072152
-3 -5 -0.019526
-2 -21 -0.086039
3 -19 -0.143573
-5 -15 -0.228673
-6 -4 -0.255612
-7 -1 -0.255717
5 2 -0.222826
0 3 -0.187219
